// Jest Snapshot v1, https://goo.gl/fbAQLP

exports[`<PromptModal /> has valid snapshot 1`] = `<DocumentFragment />`;
