// Jest Snapshot v1, https://goo.gl/fbAQLP

exports[`<Modal /> has valid snapshot 1`] = `<DocumentFragment />`;
