// Jest Snapshot v1, https://goo.gl/fbAQLP

exports[`<SuccessBadge /> has valid snapshot 1`] = `
<DocumentFragment>
  <div
    class="MuiBox-root css-0"
  >
    <svg
      aria-hidden="true"
      class="MuiSvgIcon-root MuiSvgIcon-fontSizeMedium css-1"
      data-testid="CheckRoundedIcon"
      focusable="false"
      viewBox="0 0 24 24"
    >
      <path
        d="M9 16.17 5.53 12.7a.9959.9959 0 0 0-1.41 0c-.39.39-.39 1.02 0 1.41l4.18 4.18c.39.39 1.02.39 1.41 0L20.29 7.71c.39-.39.39-1.02 0-1.41a.9959.9959 0 0 0-1.41 0L9 16.17z"
      />
    </svg>
  </div>
</DocumentFragment>
`;
