// Jest Snapshot v1, https://goo.gl/fbAQLP

exports[`<DetailsSection /> has valid snapshot 1`] = `
<DocumentFragment>
  <section
    class="MuiBox-root css-0"
  >
    <div
      class="MuiContainer-root MuiContainer-maxWidthXl AwiSection-container css-1"
    >
      <div
        class="AwiDetailsSection-panel"
      >
        <button
          class="MuiButtonBase-root AwiDetailsSection-toggle css-2"
          tabindex="0"
          type="button"
        >
          <h2
            class="MuiTypography-root MuiTypography-h7 css-3"
          >
            earn-liquidity-staking:details-section.title
          </h2>
          <svg
            aria-hidden="true"
            class="MuiSvgIcon-root MuiSvgIcon-fontSizeMedium css-4"
            focusable="false"
            viewBox="0 0 24 24"
          >
            <path
              d="M15.88 9.29 12 13.17 8.12 9.29a.9959.9959 0 0 0-1.41 0c-.39.39-.39 1.02 0 1.41l4.59 4.59c.39.39 1.02.39 1.41 0l4.59-4.59c.39-.39.39-1.02 0-1.41-.39-.38-1.03-.39-1.42 0z"
            />
          </svg>
          <span
            class="MuiTouchRipple-root css-5"
          />
        </button>
        <div
          class="MuiCollapse-root MuiCollapse-vertical MuiCollapse-hidden css-6"
          style="min-height: 0px;"
        >
          <div
            class="MuiCollapse-wrapper MuiCollapse-vertical css-7"
          >
            <div
              class="MuiCollapse-wrapperInner MuiCollapse-vertical css-8"
            >
              <div
                class="MuiGrid-root MuiGrid-container AwiDetailsSection-content css-9"
              >
                <div
                  class="MuiGrid-root MuiGrid-item MuiGrid-grid-xs-12 MuiGrid-grid-md-6 MuiGrid-grid-lg-4 css-10"
                >
                  <div
                    class="AwiLabelValue-root MuiBox-root css-11"
                  >
                    <h3
                      class="MuiTypography-root MuiTypography-h7 AwiLabel-root AwiLabelValue-label label css-12"
                      id="stakingAPR"
                    >
                      earn-liquidity-staking:details-section.staking-apr
                    </h3>
                    <p
                      aria-describedby="stakingAPR"
                      class="MuiTypography-root MuiTypography-h5 AwiLabelValue-value value css-13"
                    >
                      0.54  USD
                    </p>
                  </div>
                </div>
                <div
                  class="MuiGrid-root MuiGrid-item MuiGrid-grid-xs-12 MuiGrid-grid-md-6 MuiGrid-grid-lg-4 css-10"
                >
                  <div
                    class="AwiLabelValue-root MuiBox-root css-11"
                  >
                    <h3
                      class="MuiTypography-root MuiTypography-h7 AwiLabel-root AwiLabelValue-label label css-12"
                      id="lpTokenPrice"
                    >
                      earn-liquidity-staking:details-section.lp-token-price
                    </h3>
                    <p
                      aria-describedby="lpTokenPrice"
                      class="MuiTypography-root MuiTypography-h5 AwiLabelValue-value value css-13"
                    >
                      456  USD
                    </p>
                  </div>
                </div>
                <div
                  class="MuiGrid-root MuiGrid-item MuiGrid-grid-xs-12 MuiGrid-grid-md-6 MuiGrid-grid-lg-4 css-10"
                >
                  <div
                    class="AwiLabelValue-root MuiBox-root css-11"
                  >
                    <h3
                      class="MuiTypography-root MuiTypography-h7 AwiLabel-root AwiLabelValue-label label css-12"
                      id="totalLPTokensStaked"
                    >
                      earn-liquidity-staking:details-section.total-lp-tokens-staked
                    </h3>
                    <p
                      aria-describedby="totalLPTokensStaked"
                      class="MuiTypography-root MuiTypography-h5 AwiLabelValue-value value css-13"
                    >
                      120  USD
                    </p>
                  </div>
                </div>
                <div
                  class="MuiGrid-root MuiGrid-item MuiGrid-grid-xs-12 MuiGrid-grid-md-6 MuiGrid-grid-lg-4 css-10"
                >
                  <div
                    class="AwiLabelValue-root MuiBox-root css-11"
                  >
                    <h3
                      class="MuiTypography-root MuiTypography-h7 AwiLabel-root AwiLabelValue-label label css-12"
                      id="totalRewardsPerDay"
                    >
                      earn-liquidity-staking:details-section.total-rewards-per-day
                    </h3>
                    <p
                      aria-describedby="totalRewardsPerDay"
                      class="MuiTypography-root MuiTypography-h5 AwiLabelValue-value value css-13"
                    >
                      12 k USD
                    </p>
                  </div>
                </div>
                <div
                  class="MuiGrid-root MuiGrid-item MuiGrid-grid-xs-12 MuiGrid-grid-md-6 MuiGrid-grid-lg-4 css-10"
                >
                  <div
                    class="AwiLabelValue-root MuiBox-root css-11"
                  >
                    <h3
                      class="MuiTypography-root MuiTypography-h7 AwiLabel-root AwiLabelValue-label label css-12"
                      id="totalRewardsPerWeek"
                    >
                      earn-liquidity-staking:details-section.total-rewards-per-week
                    </h3>
                    <p
                      aria-describedby="totalRewardsPerWeek"
                      class="MuiTypography-root MuiTypography-h5 AwiLabelValue-value value css-13"
                    >
                      99.99 k USD
                    </p>
                  </div>
                </div>
              </div>
            </div>
          </div>
        </div>
      </div>
    </div>
  </section>
</DocumentFragment>
`;
