// Jest Snapshot v1, https://goo.gl/fbAQLP

exports[`<InfoSection /> has valid snapshot 1`] = `
<DocumentFragment>
  <section
    class="MuiBox-root css-0"
  >
    <div
      class="MuiContainer-root MuiContainer-maxWidthLg AwiSection-container css-1"
    >
      <h1
        class="MuiTypography-root MuiTypography-h1 AwiInfoSection-title css-2"
      >
        title
      </h1>
      <div
        class="AwiInfoSection-card"
      >
        <div
          class="AwiInfoSection-image"
        >
          <img
            alt=""
            src="/images/eagle.svg"
          />
        </div>
        <div
          class="MuiGrid-root MuiGrid-container MuiGrid-spacing-xs-22 css-3"
        >
          <div
            class="MuiGrid-root MuiGrid-item MuiGrid-grid-xs-12 MuiGrid-grid-md-6 css-4"
          >
            <h2
              class="MuiTypography-root MuiTypography-h3 AwiInfoSection-cardTitle css-5"
            >
              items.0.title
            </h2>
            <p
              class="MuiTypography-root MuiTypography-body css-6"
            >
              items.0.description
            </p>
          </div>
          <div
            class="MuiGrid-root MuiGrid-item MuiGrid-grid-xs-12 MuiGrid-grid-md-6 css-4"
          >
            <h2
              class="MuiTypography-root MuiTypography-h3 AwiInfoSection-cardTitle css-5"
            >
              items.1.title
            </h2>
            <p
              class="MuiTypography-root MuiTypography-body css-6"
            >
              items.1.description
            </p>
          </div>
        </div>
      </div>
    </div>
  </section>
</DocumentFragment>
`;
