// Jest Snapshot v1, https://goo.gl/fbAQLP

exports[`<InfoSection /> has valid snapshot 1`] = `
<DocumentFragment>
  <section
    class="MuiBox-root css-0"
  >
    <div
      class="MuiContainer-root AwiSection-container css-1"
    >
      <div
        class="AwiPanel-root MuiBox-root css-2"
      >
        <div
          class="AwiPanel-header header"
        >
          <h1
            class="MuiTypography-root MuiTypography-h7 AwiLabel-root css-3"
          >
            error:info-section.title
          </h1>
        </div>
        <div
          class="AwiPanel-content content"
        >
          <img
            alt=""
            class="AwiInfoSection-icon"
            src="/images/logo-small.svg"
            width="80"
          />
          <h2
            class="MuiTypography-root MuiTypography-h2 AwiInfoSection-prompt css-4"
          >
            error:info-section.error-code
          </h2>
          <a
            class="MuiTypography-root MuiTypography-inherit MuiLink-root MuiLink-underlineNone MuiButton-root MuiButton-outlined MuiButton-outlinedPrimary MuiButton-sizeMedium MuiButton-outlinedSizeMedium MuiButton-disableElevation MuiButtonBase-root  active Awi-active css-5"
            href="/"
            tabindex="0"
          >
            error:info-section.back
            <span
              class="MuiTouchRipple-root css-6"
            />
          </a>
        </div>
      </div>
    </div>
  </section>
</DocumentFragment>
`;
