// Jest Snapshot v1, https://goo.gl/fbAQLP

exports[`<StatsSection /> has valid snapshot 1`] = `
<DocumentFragment>
  <section
    class="MuiBox-root css-0"
  >
    <div
      class="MuiContainer-root MuiContainer-maxWidthXl vl-container css-1"
    >
      <div
        class="MuiContainer-root MuiContainer-maxWidthXl MuiContainer-disableGutters css-2"
      >
        <div
          class="MuiGrid-root MuiGrid-container MuiGrid-spacing-xs-8 css-3"
        >
          <div
            class="MuiGrid-root MuiGrid-item MuiGrid-grid-xs-12 MuiGrid-grid-sm-6 MuiGrid-grid-lg-2.4 css-4"
          >
            <div
              class="AwiStatsCard-root css-5"
              data-test-id="AwiStatsItems-card"
            >
              <h2>
                <span
                  class="MuiTypography-root MuiTypography-h4 css-6"
                >
                  <span>
                     
                  </span>
                </span>
                <span
                  class="MuiTypography-root MuiTypography-body-md css-7"
                >
                  landing:stats-section.items.0.title
                </span>
              </h2>
              <p
                class="MuiTypography-root MuiTypography-body-sm css-8"
              >
                landing:stats-section.items.0.sub-values.0
              </p>
              <p
                class="MuiTypography-root MuiTypography-body-sm css-8"
              >
                landing:stats-section.items.0.sub-values.1
              </p>
            </div>
          </div>
          <div
            class="MuiGrid-root MuiGrid-item MuiGrid-grid-xs-12 MuiGrid-grid-sm-6 MuiGrid-grid-lg-2.4 css-4"
          >
            <div
              class="AwiStatsCard-root css-5"
              data-test-id="AwiStatsItems-card"
            >
              <h2>
                <span
                  class="MuiTypography-root MuiTypography-h4 css-6"
                >
                  <span>
                     
                  </span>
                </span>
                <span
                  class="MuiTypography-root MuiTypography-body-md css-7"
                >
                  landing:stats-section.items.1.title
                </span>
              </h2>
            </div>
          </div>
          <div
            class="MuiGrid-root MuiGrid-item MuiGrid-grid-xs-12 MuiGrid-grid-sm-6 MuiGrid-grid-lg-2.4 css-4"
          >
            <div
              class="AwiStatsCard-root css-5"
              data-test-id="AwiStatsItems-card"
            >
              <h2>
                <span
                  class="MuiTypography-root MuiTypography-h4 css-6"
                >
                  <span>
                     
                  </span>
                </span>
                <span
                  class="MuiTypography-root MuiTypography-body-md css-7"
                >
                  landing:stats-section.items.2.title
                </span>
              </h2>
            </div>
          </div>
          <div
            class="MuiGrid-root MuiGrid-item MuiGrid-grid-xs-12 MuiGrid-grid-sm-6 MuiGrid-grid-lg-2.4 css-4"
          >
            <div
              class="AwiStatsCard-root css-5"
              data-test-id="AwiStatsItems-card"
            >
              <h2>
                <span
                  class="MuiTypography-root MuiTypography-h4 css-6"
                >
                  <span>
                     
                  </span>
                </span>
                <span
                  class="MuiTypography-root MuiTypography-body-md css-7"
                >
                  landing:stats-section.items.3.title
                </span>
              </h2>
            </div>
          </div>
          <div
            class="MuiGrid-root MuiGrid-item MuiGrid-grid-xs-12 MuiGrid-grid-sm-6 MuiGrid-grid-lg-2.4 css-4"
          >
            <div
              class="AwiStatsCard-root css-5"
              data-test-id="AwiStatsItems-card"
            >
              <h2>
                <span
                  class="MuiTypography-root MuiTypography-h4 css-6"
                >
                  <span>
                     
                  </span>
                </span>
                <span
                  class="MuiTypography-root MuiTypography-body-md css-7"
                >
                  landing:stats-section.items.4.title
                </span>
              </h2>
              <p
                class="MuiTypography-root MuiTypography-body-sm css-8"
              >
                landing:stats-section.items.4.sub-values.0
              </p>
              <p
                class="MuiTypography-root MuiTypography-body-sm css-8"
              >
                landing:stats-section.items.4.sub-values.1
              </p>
            </div>
          </div>
        </div>
      </div>
    </div>
  </section>
</DocumentFragment>
`;
