// Jest Snapshot v1, https://goo.gl/fbAQLP

exports[`<LoadingText /> has valid snapshot 1`] = `
<DocumentFragment>
  <span
    class="css-0"
  />
</DocumentFragment>
`;
