// Jest Snapshot v1, https://goo.gl/fbAQLP

exports[`<Panel /> has valid snapshot 1`] = `
<DocumentFragment>
  <div
    class="AwiPanel-root MuiBox-root css-0"
  >
    <div
      class="AwiPanel-content content"
    >
      Lorem ipsum
    </div>
  </div>
</DocumentFragment>
`;
