// Jest Snapshot v1, https://goo.gl/fbAQLP

exports[`<BalanceCard /> has valid snapshot 1`] = `
<DocumentFragment>
  <div
    class="AwiBalanceCard-root MuiBox-root css-0"
  >
    <div
      class="AwiBalanceCard-left"
    >
      <img
        alt=""
        class="AwiBalanceCard-icon"
        src="/images/assets/awi.svg"
      />
      <div>
        <p
          class="MuiTypography-root MuiTypography-body css-1"
        >
          portfolio:balance-section.assets.awi.title
        </p>
        <p
          class="MuiTypography-root MuiTypography-body-sm css-2"
        >
          portfolio:balance-section.assets.awi.description
        </p>
      </div>
    </div>
    <div
      class="AwiLabelValue-root AwiBalanceCard-labelValue MuiBox-root css-3"
    >
      <h6
        class="MuiTypography-root MuiTypography-h7 AwiLabel-root AwiLabelValue-label label css-4"
        id="balanceCard-awi"
      >
        portfolio:balance-section.total-balance
      </h6>
      <p
        aria-describedby="balanceCard-awi"
        class="MuiTypography-root MuiTypography-h5 AwiLabelValue-value value css-5"
      >
        23.45
      </p>
    </div>
  </div>
</DocumentFragment>
`;
