// Jest Snapshot v1, https://goo.gl/fbAQLP

exports[`<InfoSection /> has valid snapshot 1`] = `
<DocumentFragment>
  <section
    class="MuiBox-root css-0"
  >
    <div
      class="MuiContainer-root MuiContainer-maxWidthXl AwiSection-container css-1"
    >
      <div
        class="AwiInfoSection-panel AwiPanel-root MuiBox-root css-2"
      >
        <div
          class="AwiPanel-content content"
        >
          <h1
            class="MuiTypography-root MuiTypography-h3 css-3"
          >
            governance:title
          </h1>
          <p
            class="MuiTypography-root MuiTypography-body css-4"
          >
            governance:description
          </p>
          <div
            class="AwiInfoSection-statsWrapper"
          >
            <div
              class="AwiInfoSection-stats"
            >
              <div
                class="AwiLabelValue-root MuiBox-root css-5"
              >
                <h6
                  class="MuiTypography-root MuiTypography-h7 AwiLabel-root AwiLabelValue-label label css-6"
                  id="infoSectionTreasury"
                >
                  governance:treasury
                </h6>
                <p
                  aria-describedby="infoSectionTreasury"
                  class="MuiTypography-root MuiTypography-h5 AwiLabelValue-value value css-7"
                >
                  24.335
                </p>
              </div>
              <div
                class="AwiLabelValue-root MuiBox-root css-5"
              >
                <h6
                  class="MuiTypography-root MuiTypography-h7 AwiLabel-root AwiLabelValue-label label css-6"
                  id="infoSectionValueInUSD"
                >
                  governance:value-in-usd
                </h6>
                <p
                  aria-describedby="infoSectionValueInUSD"
                  class="MuiTypography-root MuiTypography-h5 AwiLabelValue-value value css-7"
                >
                  43.89 m USD
                </p>
              </div>
            </div>
            <span
              aria-label="governance:treasury-hint"
              class=""
              data-mui-internal-clone-element="true"
            >
              <svg
                aria-hidden="true"
                class="MuiSvgIcon-root MuiSvgIcon-colorPrimary MuiSvgIcon-fontSizeSmall css-11"
                focusable="false"
                viewBox="0 0 24 24"
              >
                <path
                  d="M 12.005859,3.0371094 C 8.0393945,3.0376339 5.0185201,5.455498 3.7304688,8.5664063 2.4424174,11.677315 2.8692434,15.523911 5.6738281,18.328125 c 2.8045847,2.804214 6.6490279,3.229869 9.7597659,1.941406 3.110738,-1.288462 5.529296,-4.308925 5.529297,-8.27539 0,-4.9402634 -4.016769,-8.9570317 -8.957032,-8.9570316 z m 0,1.1113281 c 4.339673,-1e-7 7.845704,3.5060306 7.845703,7.8457035 0,3.518639 -2.104953,6.114451 -4.841796,7.248046 C 12.272923,20.375783 8.9468763,20.028579 6.4589844,17.541016 3.9710925,15.053453 3.6245785,11.72918 4.7578125,8.9921875 5.8910465,6.2551947 8.4872199,4.1489028 12.005859,4.1484375 Z"
                  id="Pfad_2253"
                />
                <path
                  d="m 12.005859,11.4375 a 0.55565,0.55565 0 0 0 -0.55664,0.556641 v 3.359375 a 0.55565,0.55565 0 0 0 0.55664,0.55664 0.55565,0.55565 0 0 0 0.554688,-0.55664 V 11.994141 A 0.55565,0.55565 0 0 0 12.005859,11.4375 Z"
                />
                <path
                  d="m 12.005859,8.078125 a 0.55565,0.55565 0 0 0 -0.55664,0.5546875 0.55565,0.55565 0 0 0 0.55664,0.5566406 0.55565,0.55565 0 0 0 0.554688,-0.5566406 0.55565,0.55565 0 0 0 -0.554688,-0.5546875 z"
                />
              </svg>
            </span>
          </div>
        </div>
      </div>
    </div>
  </section>
</DocumentFragment>
`;
