// Jest Snapshot v1, https://goo.gl/fbAQLP

exports[`<AssetSection /> has valid snapshot 1`] = `
<DocumentFragment>
  <section
    class="MuiBox-root css-0"
  >
    <div
      class="MuiContainer-root MuiContainer-maxWidthXl AwiSection-container css-1"
    >
      <div
        class="AwiPanel-root MuiBox-root css-2"
      >
        <div
          class="AwiPanel-header header"
        >
          <h1
            class="MuiTypography-root MuiTypography-h4 css-3"
          >
            market:asset-section.title
          </h1>
          <div
            class="aside"
          >
            <div
              class="AwiLabelValue-root MuiBox-root css-4"
            >
              <h6
                class="MuiTypography-root MuiTypography-h7 AwiLabel-root AwiLabelValue-label label css-5"
                id="marketTotalSize"
              >
                market:asset-section.market-total-size
              </h6>
              <p
                aria-describedby="marketTotalSize"
                class="MuiTypography-root MuiTypography-h5 AwiLabelValue-value value css-6"
              >
                12,345,678.00 USD
              </p>
            </div>
            <div
              class="AwiLabelValue-root MuiBox-root css-4"
            >
              <h6
                class="MuiTypography-root MuiTypography-h7 AwiLabel-root AwiLabelValue-label label css-5"
                id="platformTotalFee"
              >
                market:asset-section.platform.total-fee
                <span
                  aria-label="market:asset-section.platform.total-fee-hint"
                  class="AwiLabel-help"
                  data-mui-internal-clone-element="true"
                >
                  <svg
                    aria-hidden="true"
                    class="MuiSvgIcon-root MuiSvgIcon-fontSizeMedium css-9"
                    focusable="false"
                    viewBox="0 0 24 24"
                  >
                    <path
                      d="M 12.005859,3.0371094 C 8.0393945,3.0376339 5.0185201,5.455498 3.7304688,8.5664063 2.4424174,11.677315 2.8692434,15.523911 5.6738281,18.328125 c 2.8045847,2.804214 6.6490279,3.229869 9.7597659,1.941406 3.110738,-1.288462 5.529296,-4.308925 5.529297,-8.27539 0,-4.9402634 -4.016769,-8.9570317 -8.957032,-8.9570316 z m 0,1.1113281 c 4.339673,-1e-7 7.845704,3.5060306 7.845703,7.8457035 0,3.518639 -2.104953,6.114451 -4.841796,7.248046 C 12.272923,20.375783 8.9468763,20.028579 6.4589844,17.541016 3.9710925,15.053453 3.6245785,11.72918 4.7578125,8.9921875 5.8910465,6.2551947 8.4872199,4.1489028 12.005859,4.1484375 Z"
                      id="Pfad_2253"
                    />
                    <path
                      d="m 12.005859,11.4375 a 0.55565,0.55565 0 0 0 -0.55664,0.556641 v 3.359375 a 0.55565,0.55565 0 0 0 0.55664,0.55664 0.55565,0.55565 0 0 0 0.554688,-0.55664 V 11.994141 A 0.55565,0.55565 0 0 0 12.005859,11.4375 Z"
                    />
                    <path
                      d="m 12.005859,8.078125 a 0.55565,0.55565 0 0 0 -0.55664,0.5546875 0.55565,0.55565 0 0 0 0.55664,0.5566406 0.55565,0.55565 0 0 0 0.554688,-0.5566406 0.55565,0.55565 0 0 0 -0.554688,-0.5546875 z"
                    />
                  </svg>
                </span>
              </h6>
              <p
                aria-describedby="platformTotalFee"
                class="MuiTypography-root MuiTypography-h5 AwiLabelValue-value value css-6"
              >
                1,234,567.89 USD
              </p>
            </div>
          </div>
        </div>
        <div
          class="AwiPanel-content content"
        >
          <div
            class="table-container"
          >
            <div
              aria-colcount="5"
              aria-multiselectable="false"
              aria-rowcount="0"
              class="MuiDataGrid-root css-11"
              role="grid"
            >
              <div>
                <div />
              </div>
              <div
                class="MuiDataGrid-main css-12"
              >
                <div
                  style="height: -56px; width: 0px; position: absolute; top: 56px;"
                >
                  <div
                    class="MuiDataGrid-overlay css-13"
                  >
                    <span
                      class="MuiCircularProgress-root MuiCircularProgress-indeterminate MuiCircularProgress-colorPrimary css-14"
                      role="progressbar"
                      style="width: 40px; height: 40px;"
                    >
                      <svg
                        class="MuiCircularProgress-svg css-15"
                        viewBox="22 22 44 44"
                      >
                        <circle
                          class="MuiCircularProgress-circle MuiCircularProgress-circleIndeterminate css-16"
                          cx="44"
                          cy="44"
                          fill="none"
                          r="20.2"
                          stroke-width="3.6"
                        />
                      </svg>
                    </span>
                  </div>
                </div>
                <div
                  class="MuiDataGrid-columnHeaders css-17"
                  style="min-height: 56px; max-height: 56px; line-height: 56px;"
                >
                  <div
                    aria-rowindex="1"
                    class="MuiDataGrid-columnHeadersInner css-18"
                    role="row"
                    style="transform: translate3d(0px, 0px, 0px);"
                  >
                    <div
                      aria-colindex="1"
                      class="MuiDataGrid-columnHeader MuiDataGrid-columnHeader--sortable"
                      data-field="asset"
                      role="columnheader"
                      style="width: 0px; min-width: 0; max-width: 0;"
                      tabindex="0"
                    >
                      <div
                        class="MuiDataGrid-columnHeaderDraggableContainer"
                        draggable="false"
                      >
                        <div
                          class="MuiDataGrid-columnHeaderTitleContainer"
                        >
                          <div
                            class="MuiDataGrid-columnHeaderTitleContainerContent"
                          >
                            <div
                              aria-label=""
                              class="MuiDataGrid-columnHeaderTitle css-19"
                              data-mui-internal-clone-element="true"
                            >
                              market:asset-section.fields.asset
                            </div>
                          </div>
                          <div
                            class="MuiDataGrid-iconButtonContainer css-20"
                          >
                            <button
                              aria-label="market:common.table.sort"
                              class="MuiButtonBase-root MuiIconButton-root MuiIconButton-sizeSmall css-21"
                              tabindex="-1"
                              title="market:common.table.sort"
                              type="button"
                            >
                              <svg
                                aria-hidden="true"
                                class="MuiSvgIcon-root MuiSvgIcon-fontSizeSmall MuiDataGrid-sortIcon css-22"
                                data-testid="ArrowUpwardIcon"
                                focusable="false"
                                viewBox="0 0 24 24"
                              >
                                <path
                                  d="M4 12l1.41 1.41L11 7.83V20h2V7.83l5.58 5.59L20 12l-8-8-8 8z"
                                />
                              </svg>
                              <span
                                class="MuiTouchRipple-root css-23"
                              />
                            </button>
                          </div>
                        </div>
                      </div>
                      <div
                        class="MuiDataGrid-columnSeparator MuiDataGrid-columnSeparator--sideRight"
                        style="min-height: 56px; opacity: 1;"
                      >
                        <svg
                          aria-hidden="true"
                          class="MuiSvgIcon-root MuiSvgIcon-fontSizeMedium MuiDataGrid-iconSeparator css-9"
                          data-testid="SeparatorIcon"
                          focusable="false"
                          viewBox="0 0 24 24"
                        >
                          <path
                            d="M11 19V5h2v14z"
                          />
                        </svg>
                      </div>
                    </div>
                    <div
                      aria-colindex="2"
                      class="MuiDataGrid-columnHeader MuiDataGrid-columnHeader--sortable"
                      data-field="totalSupply"
                      role="columnheader"
                      style="width: 0px; min-width: 0; max-width: 0;"
                      tabindex="-1"
                    >
                      <div
                        class="MuiDataGrid-columnHeaderDraggableContainer"
                        draggable="false"
                      >
                        <div
                          class="MuiDataGrid-columnHeaderTitleContainer"
                        >
                          <div
                            class="MuiDataGrid-columnHeaderTitleContainerContent"
                          >
                            <div
                              aria-label=""
                              class="MuiDataGrid-columnHeaderTitle css-19"
                              data-mui-internal-clone-element="true"
                            >
                              market:asset-section.fields.total-supply
                            </div>
                          </div>
                          <div
                            class="MuiDataGrid-iconButtonContainer css-20"
                          >
                            <button
                              aria-label="market:common.table.sort"
                              class="MuiButtonBase-root MuiIconButton-root MuiIconButton-sizeSmall css-21"
                              tabindex="-1"
                              title="market:common.table.sort"
                              type="button"
                            >
                              <svg
                                aria-hidden="true"
                                class="MuiSvgIcon-root MuiSvgIcon-fontSizeSmall MuiDataGrid-sortIcon css-22"
                                data-testid="ArrowUpwardIcon"
                                focusable="false"
                                viewBox="0 0 24 24"
                              >
                                <path
                                  d="M4 12l1.41 1.41L11 7.83V20h2V7.83l5.58 5.59L20 12l-8-8-8 8z"
                                />
                              </svg>
                              <span
                                class="MuiTouchRipple-root css-23"
                              />
                            </button>
                          </div>
                        </div>
                      </div>
                      <div
                        class="MuiDataGrid-columnSeparator MuiDataGrid-columnSeparator--sideRight"
                        style="min-height: 56px; opacity: 1;"
                      >
                        <svg
                          aria-hidden="true"
                          class="MuiSvgIcon-root MuiSvgIcon-fontSizeMedium MuiDataGrid-iconSeparator css-9"
                          data-testid="SeparatorIcon"
                          focusable="false"
                          viewBox="0 0 24 24"
                        >
                          <path
                            d="M11 19V5h2v14z"
                          />
                        </svg>
                      </div>
                    </div>
                    <div
                      aria-colindex="3"
                      class="MuiDataGrid-columnHeader MuiDataGrid-columnHeader--sortable"
                      data-field="totalBorrowed"
                      role="columnheader"
                      style="width: 0px; min-width: 0; max-width: 0;"
                      tabindex="-1"
                    >
                      <div
                        class="MuiDataGrid-columnHeaderDraggableContainer"
                        draggable="false"
                      >
                        <div
                          class="MuiDataGrid-columnHeaderTitleContainer"
                        >
                          <div
                            class="MuiDataGrid-columnHeaderTitleContainerContent"
                          >
                            <div
                              aria-label=""
                              class="MuiDataGrid-columnHeaderTitle css-19"
                              data-mui-internal-clone-element="true"
                            >
                              market:asset-section.fields.total-borrowed
                            </div>
                          </div>
                          <div
                            class="MuiDataGrid-iconButtonContainer css-20"
                          >
                            <button
                              aria-label="market:common.table.sort"
                              class="MuiButtonBase-root MuiIconButton-root MuiIconButton-sizeSmall css-21"
                              tabindex="-1"
                              title="market:common.table.sort"
                              type="button"
                            >
                              <svg
                                aria-hidden="true"
                                class="MuiSvgIcon-root MuiSvgIcon-fontSizeSmall MuiDataGrid-sortIcon css-22"
                                data-testid="ArrowUpwardIcon"
                                focusable="false"
                                viewBox="0 0 24 24"
                              >
                                <path
                                  d="M4 12l1.41 1.41L11 7.83V20h2V7.83l5.58 5.59L20 12l-8-8-8 8z"
                                />
                              </svg>
                              <span
                                class="MuiTouchRipple-root css-23"
                              />
                            </button>
                          </div>
                        </div>
                      </div>
                      <div
                        class="MuiDataGrid-columnSeparator MuiDataGrid-columnSeparator--sideRight"
                        style="min-height: 56px; opacity: 1;"
                      >
                        <svg
                          aria-hidden="true"
                          class="MuiSvgIcon-root MuiSvgIcon-fontSizeMedium MuiDataGrid-iconSeparator css-9"
                          data-testid="SeparatorIcon"
                          focusable="false"
                          viewBox="0 0 24 24"
                        >
                          <path
                            d="M11 19V5h2v14z"
                          />
                        </svg>
                      </div>
                    </div>
                  </div>
                </div>
                <div
                  style="overflow: visible; height: 0px; width: 0px;"
                >
                  <div
                    class="MuiDataGrid-virtualScroller css-37"
                    style="width: 0px; height: auto; margin-top: 56px; overflow-x: hidden;"
                  >
                    <div
                      class="MuiDataGrid-virtualScrollerContent MuiDataGrid-virtualScrollerContent--overflowed css-38"
                      style="width: auto; height: 1px; min-height: auto;"
                    >
                      <div
                        class="MuiDataGrid-virtualScrollerRenderZone css-39"
                        style="transform: translate3d(0px, undefinedpx, 0px);"
                      />
                    </div>
                  </div>
                </div>
                <div
                  class="Mui-resizeTriggers"
                >
                  <div
                    class="expand-trigger"
                  >
                    <div
                      style="width: 1px; height: 1px;"
                    />
                  </div>
                  <div
                    class="contract-trigger"
                  />
                </div>
              </div>
              <div>
                <div
                  class="MuiDataGrid-footerContainer css-40"
                >
                  <div />
                  <div
                    class="MuiTablePagination-root css-41"
                  >
                    <div
                      class="MuiToolbar-root MuiToolbar-regular MuiTablePagination-toolbar css-42"
                    >
                      <div
                        class="MuiTablePagination-spacer css-43"
                      />
                      <p
                        class="MuiTablePagination-selectLabel css-44"
                        id="mui-3"
                      >
                        common.table.rows-per-page
                      </p>
                      <div
                        class="MuiInputBase-root MuiInputBase-colorPrimary css-45"
                        variant="standard"
                      >
                        <div
                          aria-expanded="false"
                          aria-haspopup="listbox"
                          aria-labelledby="mui-3 mui-2"
                          class="MuiTablePagination-select MuiSelect-select MuiSelect-standard MuiInputBase-input css-46"
                          id="mui-2"
                          role="button"
                          tabindex="0"
                        >
                          10
                        </div>
                        <input
                          aria-hidden="true"
                          class="MuiSelect-nativeInput css-47"
                          tabindex="-1"
                          value="10"
                        />
                        <svg
                          aria-hidden="true"
                          class="MuiSvgIcon-root MuiSvgIcon-fontSizeMedium MuiTablePagination-selectIcon MuiSelect-icon MuiSelect-iconStandard css-48"
                          data-testid="ArrowDropDownIcon"
                          focusable="false"
                          viewBox="0 0 24 24"
                        >
                          <path
                            d="M7 10l5 5 5-5z"
                          />
                        </svg>
                      </div>
                      <p
                        class="MuiTablePagination-displayedRows css-49"
                      >
                        common.table.rows-out-of
                      </p>
                      <div
                        class="MuiBox-root css-50"
                      >
                        <button
                          aria-label="common.table.previous-page"
                          class="MuiButtonBase-root Mui-disabled MuiIconButton-root Mui-disabled MuiIconButton-sizeMedium css-51"
                          disabled=""
                          tabindex="-1"
                          title="common.table.previous-page"
                          type="button"
                        >
                          <svg
                            aria-hidden="true"
                            class="MuiSvgIcon-root MuiSvgIcon-fontSizeMedium css-9"
                            data-testid="KeyboardArrowLeftIcon"
                            focusable="false"
                            viewBox="0 0 24 24"
                          >
                            <path
                              d="M15.41 16.59 10.83 12l4.58-4.59L14 6l-6 6 6 6 1.41-1.41z"
                            />
                          </svg>
                        </button>
                        <button
                          aria-label="common.table.next-page"
                          class="MuiButtonBase-root Mui-disabled MuiIconButton-root Mui-disabled MuiIconButton-sizeMedium css-51"
                          disabled=""
                          tabindex="-1"
                          title="common.table.next-page"
                          type="button"
                        >
                          <svg
                            aria-hidden="true"
                            class="MuiSvgIcon-root MuiSvgIcon-fontSizeMedium css-9"
                            data-testid="KeyboardArrowRightIcon"
                            focusable="false"
                            viewBox="0 0 24 24"
                          >
                            <path
                              d="M8.59 16.59 13.17 12 8.59 7.41 10 6l6 6-6 6-1.41-1.41z"
                            />
                          </svg>
                        </button>
                      </div>
                    </div>
                  </div>
                </div>
              </div>
            </div>
          </div>
        </div>
      </div>
    </div>
  </section>
</DocumentFragment>
`;
