// Jest Snapshot v1, https://goo.gl/fbAQLP

exports[`<DataGrid /> has valid snapshot 1`] = `
<DocumentFragment>
  <div
    aria-colcount="5"
    aria-multiselectable="false"
    aria-rowcount="20"
    class="MuiDataGrid-root css-0"
    role="grid"
  >
    <div>
      <div />
    </div>
    <div
      class="MuiDataGrid-main css-1"
    >
      <div
        class="MuiDataGrid-columnHeaders css-2"
        style="min-height: 56px; max-height: 56px; line-height: 56px;"
      >
        <div
          aria-rowindex="1"
          class="MuiDataGrid-columnHeadersInner css-3"
          role="row"
          style="transform: translate3d(0px, 0px, 0px);"
        >
          <div
            aria-colindex="1"
            class="MuiDataGrid-columnHeader MuiDataGrid-columnHeader--sortable"
            data-field="asset"
            role="columnheader"
            style="width: 0px; min-width: 0; max-width: 0;"
            tabindex="0"
          >
            <div
              class="MuiDataGrid-columnHeaderDraggableContainer"
              draggable="false"
            >
              <div
                class="MuiDataGrid-columnHeaderTitleContainer"
              >
                <div
                  class="MuiDataGrid-columnHeaderTitleContainerContent"
                >
                  <div
                    aria-label=""
                    class="MuiDataGrid-columnHeaderTitle css-4"
                    data-mui-internal-clone-element="true"
                  >
                    asset-section.fields.asset
                  </div>
                </div>
                <div
                  class="MuiDataGrid-iconButtonContainer css-5"
                >
                  <button
                    aria-label="Sort"
                    class="MuiButtonBase-root MuiIconButton-root MuiIconButton-sizeSmall css-6"
                    tabindex="-1"
                    title="Sort"
                    type="button"
                  >
                    <svg
                      aria-hidden="true"
                      class="MuiSvgIcon-root MuiSvgIcon-fontSizeSmall MuiDataGrid-sortIcon css-7"
                      data-testid="ArrowUpwardIcon"
                      focusable="false"
                      viewBox="0 0 24 24"
                    >
                      <path
                        d="M4 12l1.41 1.41L11 7.83V20h2V7.83l5.58 5.59L20 12l-8-8-8 8z"
                      />
                    </svg>
                    <span
                      class="MuiTouchRipple-root css-8"
                    />
                  </button>
                </div>
              </div>
              <div
                class="MuiDataGrid-menuIcon"
              >
                <button
                  aria-controls="mui-4"
                  aria-haspopup="true"
                  aria-label="Menu"
                  class="MuiButtonBase-root MuiIconButton-root MuiIconButton-sizeSmall MuiDataGrid-menuIconButton css-6"
                  id="mui-5"
                  tabindex="-1"
                  title="Menu"
                  type="button"
                >
                  <svg
                    aria-hidden="true"
                    class="MuiSvgIcon-root MuiSvgIcon-fontSizeSmall css-7"
                    data-testid="TripleDotsVerticalIcon"
                    focusable="false"
                    viewBox="0 0 24 24"
                  >
                    <path
                      d="M12 8c1.1 0 2-.9 2-2s-.9-2-2-2-2 .9-2 2 .9 2 2 2zm0 2c-1.1 0-2 .9-2 2s.9 2 2 2 2-.9 2-2-.9-2-2-2zm0 6c-1.1 0-2 .9-2 2s.9 2 2 2 2-.9 2-2-.9-2-2-2z"
                    />
                  </svg>
                  <span
                    class="MuiTouchRipple-root css-8"
                  />
                </button>
              </div>
            </div>
            <div
              class="MuiDataGrid-columnSeparator MuiDataGrid-columnSeparator--sideRight"
              style="min-height: 56px; opacity: 1;"
            >
              <svg
                aria-hidden="true"
                class="MuiSvgIcon-root MuiSvgIcon-fontSizeMedium MuiDataGrid-iconSeparator css-12"
                data-testid="SeparatorIcon"
                focusable="false"
                viewBox="0 0 24 24"
              >
                <path
                  d="M11 19V5h2v14z"
                />
              </svg>
            </div>
          </div>
          <div
            aria-colindex="2"
            class="MuiDataGrid-columnHeader MuiDataGrid-columnHeader--sortable"
            data-field="marketSize"
            role="columnheader"
            style="width: 0px; min-width: 0; max-width: 0;"
            tabindex="-1"
          >
            <div
              class="MuiDataGrid-columnHeaderDraggableContainer"
              draggable="false"
            >
              <div
                class="MuiDataGrid-columnHeaderTitleContainer"
              >
                <div
                  class="MuiDataGrid-columnHeaderTitleContainerContent"
                >
                  <div
                    aria-label=""
                    class="MuiDataGrid-columnHeaderTitle css-4"
                    data-mui-internal-clone-element="true"
                  >
                    asset-section.fields.market-size
                  </div>
                </div>
                <div
                  class="MuiDataGrid-iconButtonContainer css-5"
                >
                  <button
                    aria-label="Sort"
                    class="MuiButtonBase-root MuiIconButton-root MuiIconButton-sizeSmall css-6"
                    tabindex="-1"
                    title="Sort"
                    type="button"
                  >
                    <svg
                      aria-hidden="true"
                      class="MuiSvgIcon-root MuiSvgIcon-fontSizeSmall MuiDataGrid-sortIcon css-7"
                      data-testid="ArrowUpwardIcon"
                      focusable="false"
                      viewBox="0 0 24 24"
                    >
                      <path
                        d="M4 12l1.41 1.41L11 7.83V20h2V7.83l5.58 5.59L20 12l-8-8-8 8z"
                      />
                    </svg>
                    <span
                      class="MuiTouchRipple-root css-8"
                    />
                  </button>
                </div>
              </div>
              <div
                class="MuiDataGrid-menuIcon"
              >
                <button
                  aria-controls="mui-7"
                  aria-haspopup="true"
                  aria-label="Menu"
                  class="MuiButtonBase-root MuiIconButton-root MuiIconButton-sizeSmall MuiDataGrid-menuIconButton css-6"
                  id="mui-8"
                  tabindex="-1"
                  title="Menu"
                  type="button"
                >
                  <svg
                    aria-hidden="true"
                    class="MuiSvgIcon-root MuiSvgIcon-fontSizeSmall css-7"
                    data-testid="TripleDotsVerticalIcon"
                    focusable="false"
                    viewBox="0 0 24 24"
                  >
                    <path
                      d="M12 8c1.1 0 2-.9 2-2s-.9-2-2-2-2 .9-2 2 .9 2 2 2zm0 2c-1.1 0-2 .9-2 2s.9 2 2 2 2-.9 2-2-.9-2-2-2zm0 6c-1.1 0-2 .9-2 2s.9 2 2 2 2-.9 2-2-.9-2-2-2z"
                    />
                  </svg>
                  <span
                    class="MuiTouchRipple-root css-8"
                  />
                </button>
              </div>
            </div>
            <div
              class="MuiDataGrid-columnSeparator MuiDataGrid-columnSeparator--sideRight"
              style="min-height: 56px; opacity: 1;"
            >
              <svg
                aria-hidden="true"
                class="MuiSvgIcon-root MuiSvgIcon-fontSizeMedium MuiDataGrid-iconSeparator css-12"
                data-testid="SeparatorIcon"
                focusable="false"
                viewBox="0 0 24 24"
              >
                <path
                  d="M11 19V5h2v14z"
                />
              </svg>
            </div>
          </div>
          <div
            aria-colindex="3"
            class="MuiDataGrid-columnHeader MuiDataGrid-columnHeader--sortable"
            data-field="totalBorrowed"
            role="columnheader"
            style="width: 0px; min-width: 0; max-width: 0;"
            tabindex="-1"
          >
            <div
              class="MuiDataGrid-columnHeaderDraggableContainer"
              draggable="false"
            >
              <div
                class="MuiDataGrid-columnHeaderTitleContainer"
              >
                <div
                  class="MuiDataGrid-columnHeaderTitleContainerContent"
                >
                  <div
                    aria-label=""
                    class="MuiDataGrid-columnHeaderTitle css-4"
                    data-mui-internal-clone-element="true"
                  >
                    asset-section.fields.total-borrowed
                  </div>
                </div>
                <div
                  class="MuiDataGrid-iconButtonContainer css-5"
                >
                  <button
                    aria-label="Sort"
                    class="MuiButtonBase-root MuiIconButton-root MuiIconButton-sizeSmall css-6"
                    tabindex="-1"
                    title="Sort"
                    type="button"
                  >
                    <svg
                      aria-hidden="true"
                      class="MuiSvgIcon-root MuiSvgIcon-fontSizeSmall MuiDataGrid-sortIcon css-7"
                      data-testid="ArrowUpwardIcon"
                      focusable="false"
                      viewBox="0 0 24 24"
                    >
                      <path
                        d="M4 12l1.41 1.41L11 7.83V20h2V7.83l5.58 5.59L20 12l-8-8-8 8z"
                      />
                    </svg>
                    <span
                      class="MuiTouchRipple-root css-8"
                    />
                  </button>
                </div>
              </div>
              <div
                class="MuiDataGrid-menuIcon"
              >
                <button
                  aria-controls="mui-10"
                  aria-haspopup="true"
                  aria-label="Menu"
                  class="MuiButtonBase-root MuiIconButton-root MuiIconButton-sizeSmall MuiDataGrid-menuIconButton css-6"
                  id="mui-11"
                  tabindex="-1"
                  title="Menu"
                  type="button"
                >
                  <svg
                    aria-hidden="true"
                    class="MuiSvgIcon-root MuiSvgIcon-fontSizeSmall css-7"
                    data-testid="TripleDotsVerticalIcon"
                    focusable="false"
                    viewBox="0 0 24 24"
                  >
                    <path
                      d="M12 8c1.1 0 2-.9 2-2s-.9-2-2-2-2 .9-2 2 .9 2 2 2zm0 2c-1.1 0-2 .9-2 2s.9 2 2 2 2-.9 2-2-.9-2-2-2zm0 6c-1.1 0-2 .9-2 2s.9 2 2 2 2-.9 2-2-.9-2-2-2z"
                    />
                  </svg>
                  <span
                    class="MuiTouchRipple-root css-8"
                  />
                </button>
              </div>
            </div>
            <div
              class="MuiDataGrid-columnSeparator MuiDataGrid-columnSeparator--sideRight"
              style="min-height: 56px; opacity: 1;"
            >
              <svg
                aria-hidden="true"
                class="MuiSvgIcon-root MuiSvgIcon-fontSizeMedium MuiDataGrid-iconSeparator css-12"
                data-testid="SeparatorIcon"
                focusable="false"
                viewBox="0 0 24 24"
              >
                <path
                  d="M11 19V5h2v14z"
                />
              </svg>
            </div>
          </div>
        </div>
      </div>
      <div
        style="overflow: visible; height: 0px; width: 0px;"
      >
        <div
          class="MuiDataGrid-virtualScroller css-31"
          style="width: 0px; height: auto; margin-top: 56px; overflow-x: hidden;"
        >
          <div
            class="MuiDataGrid-virtualScrollerContent MuiDataGrid-virtualScrollerContent--overflowed css-32"
            style="width: auto; height: 520px; min-height: auto;"
          >
            <div
              class="MuiDataGrid-virtualScrollerRenderZone css-33"
              style="transform: translate3d(0px, 0px, 0px);"
            >
              <div
                aria-rowindex="2"
                aria-selected="false"
                class="MuiDataGrid-row"
                data-id="10"
                data-rowindex="0"
                role="row"
                style="max-height: 52px; min-height: 52px;"
              >
                <div
                  aria-colindex="1"
                  class="MuiDataGrid-cell--withRenderer MuiDataGrid-cell MuiDataGrid-cell--textLeft"
                  data-colindex="0"
                  data-field="asset"
                  role="cell"
                  style="min-width: 0; max-width: 0; min-height: 52px; max-height: 52px;"
                  tabindex="-1"
                >
                  <p
                    class="MuiTypography-root MuiTypography-body MuiDataGrid-cellContent MuiDataGrid-cell--asset css-34"
                  >
                    <img
                      alt=""
                      src="/images/assets/dai.svg"
                    />
                    10 dai
                  </p>
                </div>
                <div
                  aria-colindex="2"
                  class="MuiDataGrid-cell MuiDataGrid-cell--textLeft"
                  data-colindex="1"
                  data-field="marketSize"
                  role="cell"
                  style="min-width: 0; max-width: 0; min-height: 52px; max-height: 52px;"
                  tabindex="-1"
                >
                  <div
                    class="MuiDataGrid-cellContent"
                  >
                    —
                  </div>
                </div>
                <div
                  aria-colindex="3"
                  class="MuiDataGrid-cell MuiDataGrid-cell--textLeft"
                  data-colindex="2"
                  data-field="totalBorrowed"
                  role="cell"
                  style="min-width: 0; max-width: 0; min-height: 52px; max-height: 52px;"
                  tabindex="-1"
                >
                  <div
                    class="MuiDataGrid-cellContent"
                  >
                    74.86 %
                  </div>
                </div>
              </div>
              <div
                aria-rowindex="3"
                aria-selected="false"
                class="MuiDataGrid-row"
                data-id="11"
                data-rowindex="1"
                role="row"
                style="max-height: 52px; min-height: 52px;"
              >
                <div
                  aria-colindex="1"
                  class="MuiDataGrid-cell--withRenderer MuiDataGrid-cell MuiDataGrid-cell--textLeft"
                  data-colindex="0"
                  data-field="asset"
                  role="cell"
                  style="min-width: 0; max-width: 0; min-height: 52px; max-height: 52px;"
                  tabindex="-1"
                >
                  <p
                    class="MuiTypography-root MuiTypography-body MuiDataGrid-cellContent MuiDataGrid-cell--asset css-34"
                  >
                    <img
                      alt=""
                      src="/images/assets/usdt.svg"
                    />
                    11 usdt
                  </p>
                </div>
                <div
                  aria-colindex="2"
                  class="MuiDataGrid-cell MuiDataGrid-cell--textLeft"
                  data-colindex="1"
                  data-field="marketSize"
                  role="cell"
                  style="min-width: 0; max-width: 0; min-height: 52px; max-height: 52px;"
                  tabindex="-1"
                >
                  <div
                    class="MuiDataGrid-cellContent"
                  >
                    —
                  </div>
                </div>
                <div
                  aria-colindex="3"
                  class="MuiDataGrid-cell MuiDataGrid-cell--textLeft"
                  data-colindex="2"
                  data-field="totalBorrowed"
                  role="cell"
                  style="min-width: 0; max-width: 0; min-height: 52px; max-height: 52px;"
                  tabindex="-1"
                >
                  <div
                    class="MuiDataGrid-cellContent"
                  >
                    36.71 %
                  </div>
                </div>
              </div>
              <div
                aria-rowindex="4"
                aria-selected="false"
                class="MuiDataGrid-row"
                data-id="12"
                data-rowindex="2"
                role="row"
                style="max-height: 52px; min-height: 52px;"
              >
                <div
                  aria-colindex="1"
                  class="MuiDataGrid-cell--withRenderer MuiDataGrid-cell MuiDataGrid-cell--textLeft"
                  data-colindex="0"
                  data-field="asset"
                  role="cell"
                  style="min-width: 0; max-width: 0; min-height: 52px; max-height: 52px;"
                  tabindex="-1"
                >
                  <p
                    class="MuiTypography-root MuiTypography-body MuiDataGrid-cellContent MuiDataGrid-cell--asset css-34"
                  >
                    <img
                      alt=""
                      src="/images/assets/usdc.svg"
                    />
                    12 usdc
                  </p>
                </div>
                <div
                  aria-colindex="2"
                  class="MuiDataGrid-cell MuiDataGrid-cell--textLeft"
                  data-colindex="1"
                  data-field="marketSize"
                  role="cell"
                  style="min-width: 0; max-width: 0; min-height: 52px; max-height: 52px;"
                  tabindex="-1"
                >
                  <div
                    class="MuiDataGrid-cellContent"
                  >
                    —
                  </div>
                </div>
                <div
                  aria-colindex="3"
                  class="MuiDataGrid-cell MuiDataGrid-cell--textLeft"
                  data-colindex="2"
                  data-field="totalBorrowed"
                  role="cell"
                  style="min-width: 0; max-width: 0; min-height: 52px; max-height: 52px;"
                  tabindex="-1"
                >
                  <div
                    class="MuiDataGrid-cellContent"
                  >
                    31.67 %
                  </div>
                </div>
              </div>
            </div>
          </div>
        </div>
      </div>
      <div
        class="Mui-resizeTriggers"
      >
        <div
          class="expand-trigger"
        >
          <div
            style="width: 1px; height: 1px;"
          />
        </div>
        <div
          class="contract-trigger"
        />
      </div>
    </div>
    <div>
      <div
        class="MuiDataGrid-footerContainer css-37"
      >
        <div />
        <div
          class="MuiTablePagination-root css-38"
        >
          <div
            class="MuiToolbar-root MuiToolbar-regular MuiTablePagination-toolbar css-39"
          >
            <div
              class="MuiTablePagination-spacer css-40"
            />
            <p
              class="MuiTablePagination-selectLabel css-41"
              id="mui-2"
            >
              common.table.rows-per-page
            </p>
            <div
              class="MuiInputBase-root MuiInputBase-colorPrimary css-42"
              variant="standard"
            >
              <div
                aria-expanded="false"
                aria-haspopup="listbox"
                aria-labelledby="mui-2 mui-1"
                class="MuiTablePagination-select MuiSelect-select MuiSelect-standard MuiInputBase-input css-43"
                id="mui-1"
                role="button"
                tabindex="0"
              >
                100
              </div>
              <input
                aria-hidden="true"
                class="MuiSelect-nativeInput css-44"
                tabindex="-1"
                value="100"
              />
              <svg
                aria-hidden="true"
                class="MuiSvgIcon-root MuiSvgIcon-fontSizeMedium MuiTablePagination-selectIcon MuiSelect-icon MuiSelect-iconStandard css-45"
                data-testid="ArrowDropDownIcon"
                focusable="false"
                viewBox="0 0 24 24"
              >
                <path
                  d="M7 10l5 5 5-5z"
                />
              </svg>
            </div>
            <p
              class="MuiTablePagination-displayedRows css-46"
            >
              common.table.rows-out-of
            </p>
            <div
              class="MuiBox-root css-47"
            >
              <button
                aria-label="common.table.previous-page"
                class="MuiButtonBase-root Mui-disabled MuiIconButton-root Mui-disabled MuiIconButton-sizeMedium css-48"
                disabled=""
                tabindex="-1"
                title="common.table.previous-page"
                type="button"
              >
                <svg
                  aria-hidden="true"
                  class="MuiSvgIcon-root MuiSvgIcon-fontSizeMedium css-12"
                  data-testid="KeyboardArrowLeftIcon"
                  focusable="false"
                  viewBox="0 0 24 24"
                >
                  <path
                    d="M15.41 16.59 10.83 12l4.58-4.59L14 6l-6 6 6 6 1.41-1.41z"
                  />
                </svg>
              </button>
              <button
                aria-label="common.table.next-page"
                class="MuiButtonBase-root Mui-disabled MuiIconButton-root Mui-disabled MuiIconButton-sizeMedium css-48"
                disabled=""
                tabindex="-1"
                title="common.table.next-page"
                type="button"
              >
                <svg
                  aria-hidden="true"
                  class="MuiSvgIcon-root MuiSvgIcon-fontSizeMedium css-12"
                  data-testid="KeyboardArrowRightIcon"
                  focusable="false"
                  viewBox="0 0 24 24"
                >
                  <path
                    d="M8.59 16.59 13.17 12 8.59 7.41 10 6l6 6-6 6-1.41-1.41z"
                  />
                </svg>
              </button>
            </div>
          </div>
        </div>
      </div>
    </div>
  </div>
</DocumentFragment>
`;
