// Jest Snapshot v1, https://goo.gl/fbAQLP

exports[`<OperationSection /> has valid snapshot 1`] = `
<DocumentFragment>
  <section
    class="MuiBox-root css-0"
  >
    <div
      class="MuiContainer-root MuiContainer-maxWidthXl AwiSection-container css-1"
    >
      <div
        class="MuiGrid-root MuiGrid-container MuiGrid-spacing-xs-8 css-2"
      >
        <div
          class="MuiGrid-root MuiGrid-item MuiGrid-grid-xs-12 MuiGrid-grid-md-8 css-3"
        >
          <div
            class="css-4"
          >
            <h2
              class="MuiTypography-root MuiTypography-h7 css-5"
            >
              earn-liquidity-staking:stake-card.title
            </h2>
            <p
              class="MuiTypography-root MuiTypography-body css-6"
            >
              earn-liquidity-staking:stake-card.description
            </p>
            <div
              class="MuiFormControl-root MuiFormControl-fullWidth css-7"
            >
              <div
                class="MuiInputBase-root MuiInputBase-colorPrimary MuiInputBase-formControl MuiInputBase-adornedStart MuiInputBase-adornedEnd AwiStakeCard-input css-8"
              >
                <div
                  class="MuiBox-root css-9"
                  title="common.convertion-from-to"
                >
                  <img
                    alt=""
                    class="source AwiSwappingImage-source"
                    src="/images/assets/awi.svg"
                  />
                  <img
                    alt=""
                    class="target AwiSwappingImage-target"
                    src="/images/assets/usdt.svg"
                  />
                </div>
                <input
                  aria-describedby="assetValueHelperText"
                  aria-invalid="false"
                  class="MuiInputBase-input MuiInputBase-inputAdornedStart MuiInputBase-inputAdornedEnd css-10"
                  id="assetValue"
                  inputmode="numeric"
                  name="assetValue"
                  type="text"
                  value=""
                />
                <button
                  class="MuiButton-root MuiButton-outlined MuiButton-outlinedPrimary MuiButton-sizeMedium MuiButton-outlinedSizeMedium MuiButton-disableElevation MuiButtonBase-root AwiStakeCard-max css-11"
                  tabindex="0"
                  type="button"
                >
                  earn-liquidity-staking:common:common.max
                  <span
                    class="MuiTouchRipple-root css-12"
                  />
                </button>
              </div>
            </div>
            <p
              class="MuiTypography-root MuiTypography-body AwiStakeCard-balance css-13"
            >
              <span>
                earn-liquidity-staking:stake-card.available-to-stake
              </span>
              <span>
                99.99 AWI
              </span>
            </p>
            <button
              class="MuiButton-root MuiButton-contained MuiButton-containedPrimary MuiButton-sizeMedium MuiButton-containedSizeMedium MuiButton-disableElevation MuiButtonBase-root AwiStakeCard-submit AwiLoadingButton-root css-14"
              tabindex="0"
              type="button"
            >
              earn-liquidity-staking:stake-card.stake
              <span
                class="MuiTouchRipple-root css-12"
              />
            </button>
          </div>
        </div>
        <div
          class="MuiGrid-root MuiGrid-item MuiGrid-grid-xs-12 MuiGrid-grid-md-4 css-16"
        >
          <div
            class="MuiBox-root css-17"
          >
            <div
              class="AwiUnstakeCard-balance"
            >
              <div
                class="MuiBox-root css-9"
                title="common.convertion-from-to"
              >
                <img
                  alt=""
                  class="source AwiSwappingImage-source"
                  src="/images/assets/awi.svg"
                />
                <img
                  alt=""
                  class="target AwiSwappingImage-target"
                  src="/images/assets/usdt.svg"
                />
              </div>
              <p
                class="MuiTypography-root MuiTypography-body css-13"
              >
                99.99 AWI
              </p>
            </div>
            <p
              class="MuiTypography-root MuiTypography-body-sm css-20"
            >
              earn-liquidity-staking:unstake-card.subtitle
            </p>
            <button
              class="MuiButton-root MuiButton-outlined MuiButton-outlinedPrimary MuiButton-sizeSmall MuiButton-outlinedSizeSmall MuiButton-disableElevation MuiButtonBase-root AwiLoadingButton-root css-21"
              tabindex="0"
              type="button"
            >
              earn-liquidity-staking:unstake-card.submit
              <span
                class="MuiTouchRipple-root css-12"
              />
            </button>
          </div>
          <div
            class="css-23"
          >
            <div
              class="AwiVestCard-balance"
            >
              <div
                class="MuiBox-root css-9"
                title="common.convertion-from-to"
              >
                <img
                  alt=""
                  class="source AwiSwappingImage-source"
                  src="/images/assets/awi.svg"
                />
                <img
                  alt=""
                  class="target AwiSwappingImage-target"
                  src="/images/assets/usdt.svg"
                />
              </div>
              <p
                class="MuiTypography-root MuiTypography-body css-13"
              >
                0.00 AWI
              </p>
            </div>
            <p
              class="MuiTypography-root MuiTypography-body-sm css-20"
            >
              earn-liquidity-staking:vest-card.subtitle
            </p>
            <form
              action="#"
              autocomplete="off"
              novalidate=""
              style="width: 100%;"
            >
              <div
                class="MuiFormControl-root MuiFormControl-fullWidth css-27"
              >
                <label
                  class="MuiFormLabel-root MuiFormLabel-colorPrimary Mui-required css-28"
                  id="lockPeriodLabel"
                >
                  earn-liquidity-staking:vest-card.field.lockPeriod.label
                  <span
                    aria-hidden="true"
                    class="MuiFormLabel-asterisk css-29"
                  >
                    â€‰*
                  </span>
                </label>
                <div
                  class="MuiFormGroup-root MuiFormGroup-row AwiVestCard-lockPeriod css-30"
                  role="radiogroup"
                >
                  <label
                    class="MuiFormControlLabel-root Mui-disabled MuiFormControlLabel-labelPlacementBottom css-31"
                  >
                    <span
                      aria-disabled="true"
                      class="MuiRadio-root MuiRadio-colorPrimary MuiButtonBase-root Mui-disabled MuiRadio-root MuiRadio-colorPrimary PrivateSwitchBase-root Mui-disabled css-32"
                      tabindex="-1"
                    >
                      <input
                        aria-labelledby="lockPeriodLabel"
                        class="PrivateSwitchBase-input css-33"
                        disabled=""
                        name="lockPeriod"
                        type="radio"
                        value="1"
                      />
                      <span
                        class="css-34"
                      >
                        <svg
                          aria-hidden="true"
                          class="MuiSvgIcon-root MuiSvgIcon-fontSizeMedium css-35"
                          data-testid="RadioButtonUncheckedIcon"
                          focusable="false"
                          viewBox="0 0 24 24"
                        >
                          <path
                            d="M12 2C6.48 2 2 6.48 2 12s4.48 10 10 10 10-4.48 10-10S17.52 2 12 2zm0 18c-4.42 0-8-3.58-8-8s3.58-8 8-8 8 3.58 8 8-3.58 8-8 8z"
                          />
                        </svg>
                        <svg
                          aria-hidden="true"
                          class="MuiSvgIcon-root MuiSvgIcon-fontSizeMedium css-36"
                          data-testid="RadioButtonCheckedIcon"
                          focusable="false"
                          viewBox="0 0 24 24"
                        >
                          <path
                            d="M8.465 8.465C9.37 7.56 10.62 7 12 7C14.76 7 17 9.24 17 12C17 13.38 16.44 14.63 15.535 15.535C14.63 16.44 13.38 17 12 17C9.24 17 7 14.76 7 12C7 10.62 7.56 9.37 8.465 8.465Z"
                          />
                        </svg>
                      </span>
                    </span>
                    <span
                      class="MuiTypography-root MuiTypography-body MuiFormControlLabel-label Mui-disabled css-13"
                    >
                      earn-liquidity-staking:vest-card.field.lockPeriod.value.month
                    </span>
                  </label>
                  <label
                    class="MuiFormControlLabel-root Mui-disabled MuiFormControlLabel-labelPlacementBottom css-31"
                  >
                    <span
                      aria-disabled="true"
                      class="MuiRadio-root MuiRadio-colorPrimary MuiButtonBase-root Mui-disabled MuiRadio-root MuiRadio-colorPrimary PrivateSwitchBase-root Mui-disabled css-32"
                      tabindex="-1"
                    >
                      <input
                        aria-labelledby="lockPeriodLabel"
                        class="PrivateSwitchBase-input css-33"
                        disabled=""
                        name="lockPeriod"
                        type="radio"
                        value="3"
                      />
                      <span
                        class="css-34"
                      >
                        <svg
                          aria-hidden="true"
                          class="MuiSvgIcon-root MuiSvgIcon-fontSizeMedium css-35"
                          data-testid="RadioButtonUncheckedIcon"
                          focusable="false"
                          viewBox="0 0 24 24"
                        >
                          <path
                            d="M12 2C6.48 2 2 6.48 2 12s4.48 10 10 10 10-4.48 10-10S17.52 2 12 2zm0 18c-4.42 0-8-3.58-8-8s3.58-8 8-8 8 3.58 8 8-3.58 8-8 8z"
                          />
                        </svg>
                        <svg
                          aria-hidden="true"
                          class="MuiSvgIcon-root MuiSvgIcon-fontSizeMedium css-36"
                          data-testid="RadioButtonCheckedIcon"
                          focusable="false"
                          viewBox="0 0 24 24"
                        >
                          <path
                            d="M8.465 8.465C9.37 7.56 10.62 7 12 7C14.76 7 17 9.24 17 12C17 13.38 16.44 14.63 15.535 15.535C14.63 16.44 13.38 17 12 17C9.24 17 7 14.76 7 12C7 10.62 7.56 9.37 8.465 8.465Z"
                          />
                        </svg>
                      </span>
                    </span>
                    <span
                      class="MuiTypography-root MuiTypography-body MuiFormControlLabel-label Mui-disabled css-13"
                    >
                      earn-liquidity-staking:vest-card.field.lockPeriod.value.months
                    </span>
                  </label>
                  <label
                    class="MuiFormControlLabel-root Mui-disabled MuiFormControlLabel-labelPlacementBottom css-31"
                  >
                    <span
                      aria-disabled="true"
                      class="MuiRadio-root MuiRadio-colorPrimary MuiButtonBase-root Mui-disabled MuiRadio-root MuiRadio-colorPrimary PrivateSwitchBase-root Mui-disabled css-32"
                      tabindex="-1"
                    >
                      <input
                        aria-labelledby="lockPeriodLabel"
                        class="PrivateSwitchBase-input css-33"
                        disabled=""
                        name="lockPeriod"
                        type="radio"
                        value="6"
                      />
                      <span
                        class="css-34"
                      >
                        <svg
                          aria-hidden="true"
                          class="MuiSvgIcon-root MuiSvgIcon-fontSizeMedium css-35"
                          data-testid="RadioButtonUncheckedIcon"
                          focusable="false"
                          viewBox="0 0 24 24"
                        >
                          <path
                            d="M12 2C6.48 2 2 6.48 2 12s4.48 10 10 10 10-4.48 10-10S17.52 2 12 2zm0 18c-4.42 0-8-3.58-8-8s3.58-8 8-8 8 3.58 8 8-3.58 8-8 8z"
                          />
                        </svg>
                        <svg
                          aria-hidden="true"
                          class="MuiSvgIcon-root MuiSvgIcon-fontSizeMedium css-36"
                          data-testid="RadioButtonCheckedIcon"
                          focusable="false"
                          viewBox="0 0 24 24"
                        >
                          <path
                            d="M8.465 8.465C9.37 7.56 10.62 7 12 7C14.76 7 17 9.24 17 12C17 13.38 16.44 14.63 15.535 15.535C14.63 16.44 13.38 17 12 17C9.24 17 7 14.76 7 12C7 10.62 7.56 9.37 8.465 8.465Z"
                          />
                        </svg>
                      </span>
                    </span>
                    <span
                      class="MuiTypography-root MuiTypography-body MuiFormControlLabel-label Mui-disabled css-13"
                    >
                      earn-liquidity-staking:vest-card.field.lockPeriod.value.months
                    </span>
                  </label>
                  <label
                    class="MuiFormControlLabel-root Mui-disabled MuiFormControlLabel-labelPlacementBottom css-31"
                  >
                    <span
                      aria-disabled="true"
                      class="MuiRadio-root MuiRadio-colorPrimary MuiButtonBase-root Mui-disabled MuiRadio-root MuiRadio-colorPrimary PrivateSwitchBase-root Mui-disabled css-32"
                      tabindex="-1"
                    >
                      <input
                        aria-labelledby="lockPeriodLabel"
                        class="PrivateSwitchBase-input css-33"
                        disabled=""
                        name="lockPeriod"
                        type="radio"
                        value="12"
                      />
                      <span
                        class="css-34"
                      >
                        <svg
                          aria-hidden="true"
                          class="MuiSvgIcon-root MuiSvgIcon-fontSizeMedium css-35"
                          data-testid="RadioButtonUncheckedIcon"
                          focusable="false"
                          viewBox="0 0 24 24"
                        >
                          <path
                            d="M12 2C6.48 2 2 6.48 2 12s4.48 10 10 10 10-4.48 10-10S17.52 2 12 2zm0 18c-4.42 0-8-3.58-8-8s3.58-8 8-8 8 3.58 8 8-3.58 8-8 8z"
                          />
                        </svg>
                        <svg
                          aria-hidden="true"
                          class="MuiSvgIcon-root MuiSvgIcon-fontSizeMedium css-36"
                          data-testid="RadioButtonCheckedIcon"
                          focusable="false"
                          viewBox="0 0 24 24"
                        >
                          <path
                            d="M8.465 8.465C9.37 7.56 10.62 7 12 7C14.76 7 17 9.24 17 12C17 13.38 16.44 14.63 15.535 15.535C14.63 16.44 13.38 17 12 17C9.24 17 7 14.76 7 12C7 10.62 7.56 9.37 8.465 8.465Z"
                          />
                        </svg>
                      </span>
                    </span>
                    <span
                      class="MuiTypography-root MuiTypography-body MuiFormControlLabel-label Mui-disabled css-13"
                    >
                      earn-liquidity-staking:vest-card.field.lockPeriod.value.year
                    </span>
                  </label>
                  <label
                    class="MuiFormControlLabel-root Mui-disabled MuiFormControlLabel-labelPlacementBottom css-31"
                  >
                    <span
                      aria-disabled="true"
                      class="MuiRadio-root MuiRadio-colorPrimary MuiButtonBase-root Mui-disabled MuiRadio-root MuiRadio-colorPrimary PrivateSwitchBase-root Mui-disabled css-32"
                      tabindex="-1"
                    >
                      <input
                        aria-labelledby="lockPeriodLabel"
                        class="PrivateSwitchBase-input css-33"
                        disabled=""
                        name="lockPeriod"
                        type="radio"
                        value="24"
                      />
                      <span
                        class="css-34"
                      >
                        <svg
                          aria-hidden="true"
                          class="MuiSvgIcon-root MuiSvgIcon-fontSizeMedium css-35"
                          data-testid="RadioButtonUncheckedIcon"
                          focusable="false"
                          viewBox="0 0 24 24"
                        >
                          <path
                            d="M12 2C6.48 2 2 6.48 2 12s4.48 10 10 10 10-4.48 10-10S17.52 2 12 2zm0 18c-4.42 0-8-3.58-8-8s3.58-8 8-8 8 3.58 8 8-3.58 8-8 8z"
                          />
                        </svg>
                        <svg
                          aria-hidden="true"
                          class="MuiSvgIcon-root MuiSvgIcon-fontSizeMedium css-36"
                          data-testid="RadioButtonCheckedIcon"
                          focusable="false"
                          viewBox="0 0 24 24"
                        >
                          <path
                            d="M8.465 8.465C9.37 7.56 10.62 7 12 7C14.76 7 17 9.24 17 12C17 13.38 16.44 14.63 15.535 15.535C14.63 16.44 13.38 17 12 17C9.24 17 7 14.76 7 12C7 10.62 7.56 9.37 8.465 8.465Z"
                          />
                        </svg>
                      </span>
                    </span>
                    <span
                      class="MuiTypography-root MuiTypography-body MuiFormControlLabel-label Mui-disabled css-13"
                    >
                      earn-liquidity-staking:vest-card.field.lockPeriod.value.years
                    </span>
                  </label>
                  <label
                    class="MuiFormControlLabel-root Mui-disabled MuiFormControlLabel-labelPlacementBottom css-31"
                  >
                    <span
                      aria-disabled="true"
                      class="MuiRadio-root MuiRadio-colorPrimary MuiButtonBase-root Mui-disabled MuiRadio-root MuiRadio-colorPrimary PrivateSwitchBase-root Mui-disabled css-32"
                      tabindex="-1"
                    >
                      <input
                        aria-labelledby="lockPeriodLabel"
                        class="PrivateSwitchBase-input css-33"
                        disabled=""
                        name="lockPeriod"
                        type="radio"
                        value="36"
                      />
                      <span
                        class="css-34"
                      >
                        <svg
                          aria-hidden="true"
                          class="MuiSvgIcon-root MuiSvgIcon-fontSizeMedium css-35"
                          data-testid="RadioButtonUncheckedIcon"
                          focusable="false"
                          viewBox="0 0 24 24"
                        >
                          <path
                            d="M12 2C6.48 2 2 6.48 2 12s4.48 10 10 10 10-4.48 10-10S17.52 2 12 2zm0 18c-4.42 0-8-3.58-8-8s3.58-8 8-8 8 3.58 8 8-3.58 8-8 8z"
                          />
                        </svg>
                        <svg
                          aria-hidden="true"
                          class="MuiSvgIcon-root MuiSvgIcon-fontSizeMedium css-36"
                          data-testid="RadioButtonCheckedIcon"
                          focusable="false"
                          viewBox="0 0 24 24"
                        >
                          <path
                            d="M8.465 8.465C9.37 7.56 10.62 7 12 7C14.76 7 17 9.24 17 12C17 13.38 16.44 14.63 15.535 15.535C14.63 16.44 13.38 17 12 17C9.24 17 7 14.76 7 12C7 10.62 7.56 9.37 8.465 8.465Z"
                          />
                        </svg>
                      </span>
                    </span>
                    <span
                      class="MuiTypography-root MuiTypography-body MuiFormControlLabel-label Mui-disabled css-13"
                    >
                      earn-liquidity-staking:vest-card.field.lockPeriod.value.max
                    </span>
                  </label>
                </div>
              </div>
              <button
                class="MuiButton-root MuiButton-outlined MuiButton-outlinedPrimary MuiButton-sizeSmall MuiButton-outlinedSizeSmall MuiButton-disableElevation MuiButtonBase-root Mui-disabled AwiLoadingButton-root css-21"
                disabled=""
                tabindex="-1"
                type="submit"
              >
                earn-liquidity-staking:vest-card.submit
              </button>
            </form>
          </div>
        </div>
      </div>
    </div>
  </section>
</DocumentFragment>
`;
