// Jest Snapshot v1, https://goo.gl/fbAQLP

exports[`<FieldSelect /> has valid snapshot 1`] = `
<DocumentFragment>
  <div
    class="MuiFormControl-root css-0"
  >
    <label
      class="MuiFormLabel-root MuiFormLabel-colorPrimary Mui-required css-1"
      for="test"
    >
      Input Label
      <span
        aria-hidden="true"
        class="MuiFormLabel-asterisk css-2"
      >
         *
      </span>
    </label>
    <div
      class="MuiInput-root MuiInputBase-root MuiInputBase-colorPrimary MuiInputBase-formControl  css-3"
    >
      <div
        aria-describedby="testHelper"
        aria-expanded="false"
        aria-haspopup="listbox"
        aria-labelledby="test"
        class="MuiSelect-select MuiSelect-standard MuiInput-input MuiInputBase-input css-4"
        id="test"
        role="button"
        tabindex="0"
      >
        <span
          class="notranslate"
        >
          ​
        </span>
      </div>
      <input
        aria-hidden="true"
        class="MuiSelect-nativeInput css-5"
        name="test"
        placeholder=""
        required=""
        tabindex="-1"
        value=""
      />
      <svg
        aria-hidden="true"
        class="MuiSvgIcon-root MuiSvgIcon-fontSizeMedium MuiSelect-icon MuiSelect-iconStandard css-6"
        focusable="false"
        viewBox="0 0 24 24"
      >
        <path
          d="m 16.660209,9.5634287 a 0.833271,0.833271 0 0 1 0,1.1735593 l -4.114003,4.100914 a 0.82890833,0.82890833 0 0 1 -1.143893,0.02618 L 7.3485147,10.823369 a 0.82829112,0.82829112 0 1 1 1.169197,-1.1735593 l 3.4831603,3.4299343 3.49014,-3.5206783 a 0.82890833,0.82890833 0 0 1 1.169197,0.0044 z"
        />
        <path
          d="M 20.941739,12 A 8.9417395,8.9417395 0 1 0 12,20.941739 8.9399944,8.9399944 0 0 0 20.941739,12 Z M 6.6522321,17.347767 A 7.5631341,7.5631341 0 1 1 17.347767,6.6522321 7.5631341,7.5631341 0 1 1 6.6522321,17.347767 Z"
        />
      </svg>
    </div>
  </div>
</DocumentFragment>
`;
