// Jest Snapshot v1, https://goo.gl/fbAQLP

exports[`<TitleSection /> has valid snapshot 1`] = `
<DocumentFragment>
  <section
    class="MuiBox-root css-0"
  >
    <div
      class="MuiContainer-root AwiSection-container css-1"
    >
      <div
        class="Awi-column MuiBox-root css-2"
      >
        <a
          class="MuiTypography-root MuiTypography-inherit MuiLink-root MuiLink-underlineNone MuiButton-root MuiButton-text MuiButton-textPrimary MuiButton-sizeMedium MuiButton-textSizeMedium MuiButton-disableElevation MuiButtonBase-root  css-3"
          href="/governance"
          tabindex="0"
        >
          <span
            class="MuiButton-startIcon MuiButton-iconSizeMedium css-4"
          >
            <svg
              aria-hidden="true"
              class="MuiSvgIcon-root MuiSvgIcon-fontSizeMedium css-5"
              data-testid="ArrowBackRoundedIcon"
              focusable="false"
              viewBox="0 0 24 24"
            >
              <path
                d="M19 11H7.83l4.88-4.88c.39-.39.39-1.03 0-1.42a.9959.9959 0 0 0-1.41 0l-6.59 6.59c-.39.39-.39 1.02 0 1.41l6.59 6.59c.39.39 1.02.39 1.41 0 .39-.39.39-1.02 0-1.41L7.83 13H19c.55 0 1-.45 1-1s-.45-1-1-1z"
              />
            </svg>
          </span>
          governance-details:back
          <span
            class="MuiTouchRipple-root css-6"
          />
        </a>
        <div
          class="MuiChip-root MuiChip-filled MuiChip-sizeSmall MuiChip-colorSecondary MuiChip-filledSecondary css-7"
        >
          <span
            class="MuiChip-label MuiChip-labelSmall css-8"
          >
            governance-details:queued
          </span>
        </div>
        <div
          class="Awi-row Awi-center MuiBox-root css-9"
        >
          <div
            class="MuiChip-root MuiChip-outlined MuiChip-sizeSmall MuiChip-colorDefault MuiChip-outlinedDefault css-10"
          >
            <span
              class="MuiChip-label MuiChip-labelSmall css-8"
            >
              1
            </span>
          </div>
          <h1
            class="MuiTypography-root MuiTypography-h3 css-12"
          >
            1. Nostrud dolor eiusmod
          </h1>
        </div>
        <p
          class="MuiTypography-root MuiTypography-body-md css-13"
        >
          Aute labore incididunt __minim__ consectetur _aute_ anim et ullamco.
        </p>
      </div>
    </div>
  </section>
</DocumentFragment>
`;
