// Jest Snapshot v1, https://goo.gl/fbAQLP

exports[`<StatsItems /> has valid snapshot 1`] = `
<DocumentFragment>
  <div
    class="MuiContainer-root MuiContainer-maxWidthXl css-0"
  >
    <div
      class="MuiGrid-root MuiGrid-container MuiGrid-spacing-xs-8 css-1"
    >
      <div
        class="MuiGrid-root MuiGrid-item MuiGrid-grid-xs-12 MuiGrid-grid-sm-6 MuiGrid-grid-lg-3 css-2"
      >
        <div
          class="card"
        >
          <h2>
            <span
              class="MuiTypography-root MuiTypography-h3 css-3"
            >
              <span>
                 
              </span>
            </span>
            <span
              class="MuiTypography-root MuiTypography-body-lg css-4"
            >
              landing:stats-section.items.0.title
            </span>
          </h2>
          <p
            class="MuiTypography-root MuiTypography-body-sm css-5"
          >
            landing:stats-section.items.0.subvalue
          </p>
        </div>
      </div>
      <div
        class="MuiGrid-root MuiGrid-item MuiGrid-grid-xs-12 MuiGrid-grid-sm-6 MuiGrid-grid-lg-3 css-2"
      >
        <div
          class="card"
        >
          <h2>
            <span
              class="MuiTypography-root MuiTypography-h3 css-3"
            >
              <span>
                 
              </span>
            </span>
            <span
              class="MuiTypography-root MuiTypography-body-lg css-4"
            >
              landing:stats-section.items.1.title
            </span>
          </h2>
          <p
            class="MuiTypography-root MuiTypography-body-sm css-5"
          >
            landing:stats-section.items.1.subvalue
          </p>
        </div>
      </div>
      <div
        class="MuiGrid-root MuiGrid-item MuiGrid-grid-xs-12 MuiGrid-grid-sm-6 MuiGrid-grid-lg-3 css-2"
      >
        <div
          class="card"
        >
          <h2>
            <span
              class="MuiTypography-root MuiTypography-h3 css-3"
            >
              <span>
                 
              </span>
            </span>
            <span
              class="MuiTypography-root MuiTypography-body-lg css-4"
            >
              landing:stats-section.items.2.title
            </span>
          </h2>
        </div>
      </div>
      <div
        class="MuiGrid-root MuiGrid-item MuiGrid-grid-xs-12 MuiGrid-grid-sm-6 MuiGrid-grid-lg-3 css-2"
      >
        <div
          class="card"
        >
          <h2>
            <span
              class="MuiTypography-root MuiTypography-h3 css-3"
            >
              <span>
                 
              </span>
            </span>
            <span
              class="MuiTypography-root MuiTypography-body-lg css-4"
            >
              landing:stats-section.items.3.title
            </span>
          </h2>
          <p
            class="MuiTypography-root MuiTypography-body-sm css-5"
          >
            landing:stats-section.items.3.subvalue
          </p>
        </div>
      </div>
    </div>
  </div>
</DocumentFragment>
`;
