// Jest Snapshot v1, https://goo.gl/fbAQLP

exports[`<AssetSection /> has valid snapshot 1`] = `
<DocumentFragment>
  <section
    class="MuiBox-root css-0"
  >
    <div
      class="MuiContainer-root AwiSection-container css-1"
    >
      <div
        class="AwiPanel-root MuiBox-root css-2"
      >
        <div
          class="AwiPanel-header header"
        >
          <div
            class="MuiGrid-root MuiGrid-container css-3"
          >
            <div
              class="MuiGrid-root MuiGrid-item MuiGrid-grid-xs-12 MuiGrid-grid-lg-4 css-4"
            >
              <h6
                class="MuiTypography-root MuiTypography-h7 AwiLabel-root title css-5"
              >
                earn-deposit-details:asset-section.title
                <span
                  aria-label="earn-deposit-details:asset-section.title-hint"
                  class="AwiLabel-help"
                  data-mui-internal-clone-element="true"
                >
                  <svg
                    aria-hidden="true"
                    class="MuiSvgIcon-root MuiSvgIcon-fontSizeMedium css-6"
                    focusable="false"
                    viewBox="0 0 24 24"
                  >
                    <path
                      d="M 12.005859,3.0371094 C 8.0393945,3.0376339 5.0185201,5.455498 3.7304688,8.5664063 2.4424174,11.677315 2.8692434,15.523911 5.6738281,18.328125 c 2.8045847,2.804214 6.6490279,3.229869 9.7597659,1.941406 3.110738,-1.288462 5.529296,-4.308925 5.529297,-8.27539 0,-4.9402634 -4.016769,-8.9570317 -8.957032,-8.9570316 z m 0,1.1113281 c 4.339673,-1e-7 7.845704,3.5060306 7.845703,7.8457035 0,3.518639 -2.104953,6.114451 -4.841796,7.248046 C 12.272923,20.375783 8.9468763,20.028579 6.4589844,17.541016 3.9710925,15.053453 3.6245785,11.72918 4.7578125,8.9921875 5.8910465,6.2551947 8.4872199,4.1489028 12.005859,4.1484375 Z"
                      id="Pfad_2253"
                    />
                    <path
                      d="m 12.005859,11.4375 a 0.55565,0.55565 0 0 0 -0.55664,0.556641 v 3.359375 a 0.55565,0.55565 0 0 0 0.55664,0.55664 0.55565,0.55565 0 0 0 0.554688,-0.55664 V 11.994141 A 0.55565,0.55565 0 0 0 12.005859,11.4375 Z"
                    />
                    <path
                      d="m 12.005859,8.078125 a 0.55565,0.55565 0 0 0 -0.55664,0.5546875 0.55565,0.55565 0 0 0 0.55664,0.5566406 0.55565,0.55565 0 0 0 0.554688,-0.5566406 0.55565,0.55565 0 0 0 -0.554688,-0.5546875 z"
                    />
                  </svg>
                </span>
              </h6>
              <div
                class="AwiLabelValue-root label-value MuiBox-root css-7"
              >
                <h6
                  class="MuiTypography-root MuiTypography-h7 AwiLabel-root AwiLabelValue-label label css-5"
                  id="yourBalance"
                >
                  earn-deposit-details:asset-section.your-balance
                </h6>
                <p
                  aria-describedby="yourBalance"
                  class="MuiTypography-root MuiTypography-h5 AwiLabelValue-value value css-9"
                >
                  —
                </p>
              </div>
              <div
                class="AwiLabelValue-root label-value MuiBox-root css-7"
              >
                <h6
                  class="MuiTypography-root MuiTypography-h7 AwiLabel-root AwiLabelValue-label label css-5"
                  id="walletBalance"
                >
                  earn-deposit-details:asset-section.wallet-balance
                </h6>
                <p
                  aria-describedby="walletBalance"
                  class="MuiTypography-root MuiTypography-h5 AwiLabelValue-value value css-9"
                >
                  —
                </p>
              </div>
            </div>
            <div
              class="MuiGrid-root MuiGrid-item MuiGrid-grid-xs-12 MuiGrid-grid-lg-8 css-13"
            >
              <div
                class="MuiGrid-root MuiGrid-container css-14"
              >
                <div
                  class="MuiGrid-root MuiGrid-item MuiGrid-grid-xs-18 MuiGrid-grid-md-9 MuiGrid-grid-lg-4 css-15"
                >
                  <div
                    class="AwiLabelValue-root label-value-column MuiBox-root css-7"
                  >
                    <h6
                      class="MuiTypography-root MuiTypography-h7 AwiLabel-root AwiLabelValue-label label css-5"
                      id="utilizationRate"
                    >
                      earn-deposit-details:asset-section.utilization-rate
                    </h6>
                    <p
                      aria-describedby="utilizationRate"
                      class="MuiTypography-root MuiTypography-h5 AwiLabelValue-value value css-9"
                    >
                      44.23 %
                    </p>
                  </div>
                </div>
                <div
                  class="MuiGrid-root MuiGrid-item MuiGrid-grid-xs-18 MuiGrid-grid-md-9 MuiGrid-grid-lg-4 css-15"
                >
                  <div
                    class="AwiLabelValue-root label-value-column MuiBox-root css-7"
                  >
                    <h6
                      class="MuiTypography-root MuiTypography-h7 AwiLabel-root AwiLabelValue-label label css-5"
                      id="availableLiquidity"
                    >
                      earn-deposit-details:asset-section.available-liquidity
                    </h6>
                    <p
                      aria-describedby="availableLiquidity"
                      class="MuiTypography-root MuiTypography-h5 AwiLabelValue-value value css-9"
                    >
                      53,423,233.22 AWI
                    </p>
                  </div>
                </div>
                <div
                  class="MuiGrid-root MuiGrid-item MuiGrid-grid-xs-18 MuiGrid-grid-md-9 MuiGrid-grid-lg-4 css-15"
                >
                  <div
                    class="AwiLabelValue-root label-value-column MuiBox-root css-7"
                  >
                    <h6
                      class="MuiTypography-root MuiTypography-h7 AwiLabel-root AwiLabelValue-label label css-5"
                      id="depositAPY"
                    >
                      earn-deposit-details:asset-section.deposit-apy
                    </h6>
                    <p
                      aria-describedby="depositAPY"
                      class="MuiTypography-root MuiTypography-h5 AwiLabelValue-value value css-9"
                    >
                      1.47 USD
                    </p>
                  </div>
                </div>
                <div
                  class="MuiGrid-root MuiGrid-item MuiGrid-grid-xs-18 MuiGrid-grid-md-9 MuiGrid-grid-lg-6 css-27"
                >
                  <div
                    class="AwiLabelValue-root label-value-column MuiBox-root css-7"
                  >
                    <h6
                      class="MuiTypography-root MuiTypography-h7 AwiLabel-root AwiLabelValue-label label css-5"
                      id="asCollateral"
                    >
                      earn-deposit-details:asset-section.as-collateral.title
                    </h6>
                    <p
                      aria-describedby="asCollateral"
                      class="MuiTypography-root MuiTypography-h5 AwiLabelValue-value value css-9"
                    >
                      <span
                        class="MuiTypography-root MuiTypography-body css-31"
                      >
                        earn-deposit-details:asset-section.as-collateral.yes
                      </span>
                    </p>
                  </div>
                </div>
                <div
                  class="MuiGrid-root MuiGrid-item MuiGrid-grid-xs-18 MuiGrid-grid-md-9 MuiGrid-grid-lg-4 css-15"
                >
                  <div
                    class="AwiLabelValue-root label-value-column MuiBox-root css-7"
                  >
                    <h6
                      class="MuiTypography-root MuiTypography-h7 AwiLabel-root AwiLabelValue-label label css-5"
                      id="assetPrice"
                    >
                      earn-deposit-details:asset-section.asset-price
                    </h6>
                    <p
                      aria-describedby="assetPrice"
                      class="MuiTypography-root MuiTypography-h5 AwiLabelValue-value value css-9"
                    >
                      1.47 USD
                    </p>
                  </div>
                </div>
                <div
                  class="MuiGrid-root MuiGrid-item MuiGrid-grid-xs-18 MuiGrid-grid-md-9 MuiGrid-grid-lg-4 css-15"
                >
                  <div
                    class="AwiLabelValue-root label-value-column MuiBox-root css-7"
                  >
                    <h6
                      class="MuiTypography-root MuiTypography-h7 AwiLabel-root AwiLabelValue-label label css-5"
                      id="maximumLTV"
                    >
                      earn-deposit-details:asset-section.maximum-ltv.title
                      <span
                        aria-label="earn-deposit-details:asset-section.maximum-ltv.hint"
                        class="AwiLabel-help"
                        data-mui-internal-clone-element="true"
                      >
                        <svg
                          aria-hidden="true"
                          class="MuiSvgIcon-root MuiSvgIcon-fontSizeMedium css-6"
                          focusable="false"
                          viewBox="0 0 24 24"
                        >
                          <path
                            d="M 12.005859,3.0371094 C 8.0393945,3.0376339 5.0185201,5.455498 3.7304688,8.5664063 2.4424174,11.677315 2.8692434,15.523911 5.6738281,18.328125 c 2.8045847,2.804214 6.6490279,3.229869 9.7597659,1.941406 3.110738,-1.288462 5.529296,-4.308925 5.529297,-8.27539 0,-4.9402634 -4.016769,-8.9570317 -8.957032,-8.9570316 z m 0,1.1113281 c 4.339673,-1e-7 7.845704,3.5060306 7.845703,7.8457035 0,3.518639 -2.104953,6.114451 -4.841796,7.248046 C 12.272923,20.375783 8.9468763,20.028579 6.4589844,17.541016 3.9710925,15.053453 3.6245785,11.72918 4.7578125,8.9921875 5.8910465,6.2551947 8.4872199,4.1489028 12.005859,4.1484375 Z"
                            id="Pfad_2253"
                          />
                          <path
                            d="m 12.005859,11.4375 a 0.55565,0.55565 0 0 0 -0.55664,0.556641 v 3.359375 a 0.55565,0.55565 0 0 0 0.55664,0.55664 0.55565,0.55565 0 0 0 0.554688,-0.55664 V 11.994141 A 0.55565,0.55565 0 0 0 12.005859,11.4375 Z"
                          />
                          <path
                            d="m 12.005859,8.078125 a 0.55565,0.55565 0 0 0 -0.55664,0.5546875 0.55565,0.55565 0 0 0 0.55664,0.5566406 0.55565,0.55565 0 0 0 0.554688,-0.5566406 0.55565,0.55565 0 0 0 -0.554688,-0.5546875 z"
                          />
                        </svg>
                      </span>
                    </h6>
                    <p
                      aria-describedby="maximumLTV"
                      class="MuiTypography-root MuiTypography-h5 AwiLabelValue-value value css-9"
                    >
                      50 %
                    </p>
                  </div>
                </div>
                <div
                  class="MuiGrid-root MuiGrid-item MuiGrid-grid-xs-18 MuiGrid-grid-md-9 MuiGrid-grid-lg-4 css-15"
                >
                  <div
                    class="AwiLabelValue-root label-value-column MuiBox-root css-7"
                  >
                    <h6
                      class="MuiTypography-root MuiTypography-h7 AwiLabel-root AwiLabelValue-label label css-5"
                      id="threshold"
                    >
                      earn-deposit-details:asset-section.threshold.title
                      <span
                        aria-label="earn-deposit-details:asset-section.threshold.hint"
                        class="AwiLabel-help"
                        data-mui-internal-clone-element="true"
                      >
                        <svg
                          aria-hidden="true"
                          class="MuiSvgIcon-root MuiSvgIcon-fontSizeMedium css-6"
                          focusable="false"
                          viewBox="0 0 24 24"
                        >
                          <path
                            d="M 12.005859,3.0371094 C 8.0393945,3.0376339 5.0185201,5.455498 3.7304688,8.5664063 2.4424174,11.677315 2.8692434,15.523911 5.6738281,18.328125 c 2.8045847,2.804214 6.6490279,3.229869 9.7597659,1.941406 3.110738,-1.288462 5.529296,-4.308925 5.529297,-8.27539 0,-4.9402634 -4.016769,-8.9570317 -8.957032,-8.9570316 z m 0,1.1113281 c 4.339673,-1e-7 7.845704,3.5060306 7.845703,7.8457035 0,3.518639 -2.104953,6.114451 -4.841796,7.248046 C 12.272923,20.375783 8.9468763,20.028579 6.4589844,17.541016 3.9710925,15.053453 3.6245785,11.72918 4.7578125,8.9921875 5.8910465,6.2551947 8.4872199,4.1489028 12.005859,4.1484375 Z"
                            id="Pfad_2253"
                          />
                          <path
                            d="m 12.005859,11.4375 a 0.55565,0.55565 0 0 0 -0.55664,0.556641 v 3.359375 a 0.55565,0.55565 0 0 0 0.55664,0.55664 0.55565,0.55565 0 0 0 0.554688,-0.55664 V 11.994141 A 0.55565,0.55565 0 0 0 12.005859,11.4375 Z"
                          />
                          <path
                            d="m 12.005859,8.078125 a 0.55565,0.55565 0 0 0 -0.55664,0.5546875 0.55565,0.55565 0 0 0 0.55664,0.5566406 0.55565,0.55565 0 0 0 0.554688,-0.5566406 0.55565,0.55565 0 0 0 -0.554688,-0.5546875 z"
                          />
                        </svg>
                      </span>
                    </h6>
                    <p
                      aria-describedby="threshold"
                      class="MuiTypography-root MuiTypography-h5 AwiLabelValue-value value css-9"
                    >
                      65 %
                    </p>
                  </div>
                </div>
                <div
                  class="MuiGrid-root MuiGrid-item MuiGrid-grid-xs-18 MuiGrid-grid-md-9 MuiGrid-grid-lg-6 css-27"
                >
                  <div
                    class="AwiLabelValue-root label-value-column MuiBox-root css-7"
                  >
                    <h6
                      class="MuiTypography-root MuiTypography-h7 AwiLabel-root AwiLabelValue-label label css-5"
                      id="penalty"
                    >
                      earn-deposit-details:asset-section.penalty.title
                      <span
                        aria-label="earn-deposit-details:asset-section.penalty.hint"
                        class="AwiLabel-help"
                        data-mui-internal-clone-element="true"
                      >
                        <svg
                          aria-hidden="true"
                          class="MuiSvgIcon-root MuiSvgIcon-fontSizeMedium css-6"
                          focusable="false"
                          viewBox="0 0 24 24"
                        >
                          <path
                            d="M 12.005859,3.0371094 C 8.0393945,3.0376339 5.0185201,5.455498 3.7304688,8.5664063 2.4424174,11.677315 2.8692434,15.523911 5.6738281,18.328125 c 2.8045847,2.804214 6.6490279,3.229869 9.7597659,1.941406 3.110738,-1.288462 5.529296,-4.308925 5.529297,-8.27539 0,-4.9402634 -4.016769,-8.9570317 -8.957032,-8.9570316 z m 0,1.1113281 c 4.339673,-1e-7 7.845704,3.5060306 7.845703,7.8457035 0,3.518639 -2.104953,6.114451 -4.841796,7.248046 C 12.272923,20.375783 8.9468763,20.028579 6.4589844,17.541016 3.9710925,15.053453 3.6245785,11.72918 4.7578125,8.9921875 5.8910465,6.2551947 8.4872199,4.1489028 12.005859,4.1484375 Z"
                            id="Pfad_2253"
                          />
                          <path
                            d="m 12.005859,11.4375 a 0.55565,0.55565 0 0 0 -0.55664,0.556641 v 3.359375 a 0.55565,0.55565 0 0 0 0.55664,0.55664 0.55565,0.55565 0 0 0 0.554688,-0.55664 V 11.994141 A 0.55565,0.55565 0 0 0 12.005859,11.4375 Z"
                          />
                          <path
                            d="m 12.005859,8.078125 a 0.55565,0.55565 0 0 0 -0.55664,0.5546875 0.55565,0.55565 0 0 0 0.55664,0.5566406 0.55565,0.55565 0 0 0 0.554688,-0.5566406 0.55565,0.55565 0 0 0 -0.554688,-0.5546875 z"
                          />
                        </svg>
                      </span>
                    </h6>
                    <p
                      aria-describedby="penalty"
                      class="MuiTypography-root MuiTypography-h5 AwiLabelValue-value value css-9"
                    >
                      10 %
                    </p>
                  </div>
                </div>
              </div>
            </div>
          </div>
        </div>
        <div
          class="AwiPanel-content content"
        >
          <div
            class="MuiBox-root css-51"
          >
            <img
              alt=""
              class="LabConnectPanel-logo"
              src="/images/logo-small.svg"
              width="80"
            />
            <p
              class="MuiTypography-root MuiTypography-h3 prompt css-52"
            >
              account.connect-prompt
            </p>
            <div
              class="actions"
            >
              <a
                class="MuiTypography-root MuiTypography-inherit MuiLink-root MuiLink-underlineNone MuiButton-root MuiButton-outlined MuiButton-outlinedPrimary MuiButton-sizeMedium MuiButton-outlinedSizeMedium MuiButton-disableElevation MuiButtonBase-root  css-53"
                href="/earn/deposit"
                tabindex="0"
              >
                common.back
                <span
                  class="MuiTouchRipple-root css-54"
                />
              </a>
              <button
                class="MuiButtonBase-root css-55"
                tabindex="0"
                type="button"
                variant="text"
              >
                <span
                  class="LabConnectButton-content"
                >
                  account.connect
                </span>
                <span
                  class="MuiTouchRipple-root css-54"
                />
              </button>
            </div>
          </div>
        </div>
      </div>
    </div>
  </section>
</DocumentFragment>
`;
