// Jest Snapshot v1, https://goo.gl/fbAQLP

exports[`<AssetSection /> has valid snapshot 1`] = `
<DocumentFragment>
  <section
    class="MuiBox-root css-0"
  >
    <div
      class="MuiContainer-root MuiContainer-maxWidthXl AwiSection-container css-1"
    >
      <div
        class="AwiPanel-root MuiBox-root css-2"
      >
        <div
          class="AwiPanel-header header"
        >
          <div
            class="MuiGrid-root MuiGrid-container css-3"
          >
            <div
              class="MuiGrid-root MuiGrid-item MuiGrid-grid-xs-12 MuiGrid-grid-lg-4 css-4"
            >
              <h6
                class="MuiTypography-root MuiTypography-h7 AwiLabel-root title css-5"
              >
                borrow-details:asset-section.title
                <span
                  aria-label="borrow-details:asset-section.title-hint"
                  class="AwiLabel-help"
                  data-mui-internal-clone-element="true"
                >
                  <svg
                    aria-hidden="true"
                    class="MuiSvgIcon-root MuiSvgIcon-fontSizeMedium css-6"
                    focusable="false"
                    viewBox="0 0 24 24"
                  >
                    <path
                      d="M 12.005859,3.0371094 C 8.0393945,3.0376339 5.0185201,5.455498 3.7304688,8.5664063 2.4424174,11.677315 2.8692434,15.523911 5.6738281,18.328125 c 2.8045847,2.804214 6.6490279,3.229869 9.7597659,1.941406 3.110738,-1.288462 5.529296,-4.308925 5.529297,-8.27539 0,-4.9402634 -4.016769,-8.9570317 -8.957032,-8.9570316 z m 0,1.1113281 c 4.339673,-1e-7 7.845704,3.5060306 7.845703,7.8457035 0,3.518639 -2.104953,6.114451 -4.841796,7.248046 C 12.272923,20.375783 8.9468763,20.028579 6.4589844,17.541016 3.9710925,15.053453 3.6245785,11.72918 4.7578125,8.9921875 5.8910465,6.2551947 8.4872199,4.1489028 12.005859,4.1484375 Z"
                      id="Pfad_2253"
                    />
                    <path
                      d="m 12.005859,11.4375 a 0.55565,0.55565 0 0 0 -0.55664,0.556641 v 3.359375 a 0.55565,0.55565 0 0 0 0.55664,0.55664 0.55565,0.55565 0 0 0 0.554688,-0.55664 V 11.994141 A 0.55565,0.55565 0 0 0 12.005859,11.4375 Z"
                    />
                    <path
                      d="m 12.005859,8.078125 a 0.55565,0.55565 0 0 0 -0.55664,0.5546875 0.55565,0.55565 0 0 0 0.55664,0.5566406 0.55565,0.55565 0 0 0 0.554688,-0.5566406 0.55565,0.55565 0 0 0 -0.554688,-0.5546875 z"
                    />
                  </svg>
                </span>
              </h6>
              <div
                class="AwiLabelValue-root label-value MuiBox-root css-7"
              >
                <h6
                  class="MuiTypography-root MuiTypography-h7 AwiLabel-root AwiLabelValue-label label css-5"
                  id="youBorrowed"
                >
                  borrow-details:asset-section.you-borrowed
                </h6>
                <p
                  aria-describedby="youBorrowed"
                  class="MuiTypography-root MuiTypography-h5 AwiLabelValue-value value css-9"
                >
                  —
                </p>
              </div>
              <div
                class="AwiLabelValue-root label-value MuiBox-root css-7"
              >
                <h6
                  class="MuiTypography-root MuiTypography-h7 AwiLabel-root AwiLabelValue-label label css-5"
                  id="totalCollateral"
                >
                  borrow-details:asset-section.total-collateral
                </h6>
                <p
                  aria-describedby="totalCollateral"
                  class="MuiTypography-root MuiTypography-h5 AwiLabelValue-value value css-9"
                >
                  —
                </p>
              </div>
              <div
                class="AwiLabelValue-root label-value MuiBox-root css-7"
              >
                <h6
                  class="MuiTypography-root MuiTypography-h7 AwiLabel-root AwiLabelValue-label label css-5"
                  id="loanToValue"
                >
                  borrow-details:asset-section.loan-to-value
                </h6>
                <p
                  aria-describedby="loanToValue"
                  class="MuiTypography-root MuiTypography-h5 AwiLabelValue-value value css-9"
                >
                  —
                </p>
              </div>
            </div>
            <div
              class="MuiGrid-root MuiGrid-item MuiGrid-grid-xs-12 MuiGrid-grid-lg-8 css-16"
            >
              <div
                class="MuiGrid-root MuiGrid-container css-17"
              >
                <div
                  class="MuiGrid-root MuiGrid-item MuiGrid-grid-xs-18 MuiGrid-grid-md-9 MuiGrid-grid-lg-4 css-18"
                >
                  <div
                    class="AwiLabelValue-root label-value-column MuiBox-root css-7"
                  >
                    <h6
                      class="MuiTypography-root MuiTypography-h7 AwiLabel-root AwiLabelValue-label label css-5"
                      id="utilizationRate"
                    >
                      borrow-details:asset-section.utilization-rate
                    </h6>
                    <p
                      aria-describedby="utilizationRate"
                      class="MuiTypography-root MuiTypography-h5 AwiLabelValue-value value css-9"
                    >
                      44.23 %
                    </p>
                  </div>
                </div>
                <div
                  class="MuiGrid-root MuiGrid-item MuiGrid-grid-xs-18 MuiGrid-grid-md-9 MuiGrid-grid-lg-4 css-18"
                >
                  <div
                    class="AwiLabelValue-root label-value-column MuiBox-root css-7"
                  >
                    <h6
                      class="MuiTypography-root MuiTypography-h7 AwiLabel-root AwiLabelValue-label label css-5"
                      id="availableLiquidity"
                    >
                      borrow-details:asset-section.available-liquidity
                    </h6>
                    <p
                      aria-describedby="availableLiquidity"
                      class="MuiTypography-root MuiTypography-h5 AwiLabelValue-value value css-9"
                    >
                      53,423,233.22 AWI
                    </p>
                  </div>
                </div>
                <div
                  class="MuiGrid-root MuiGrid-item MuiGrid-grid-xs-18 MuiGrid-grid-md-9 MuiGrid-grid-lg-4 css-18"
                >
                  <div
                    class="AwiLabelValue-root label-value-column MuiBox-root css-7"
                  >
                    <h6
                      class="MuiTypography-root MuiTypography-h7 AwiLabel-root AwiLabelValue-label label css-5"
                      id="assetPrice"
                    >
                      borrow-details:asset-section.asset-price
                    </h6>
                    <p
                      aria-describedby="assetPrice"
                      class="MuiTypography-root MuiTypography-h5 AwiLabelValue-value value css-9"
                    >
                      1.47 USD
                    </p>
                  </div>
                </div>
                <div
                  class="MuiGrid-root MuiGrid-item MuiGrid-grid-xs-18 MuiGrid-grid-md-9 MuiGrid-grid-lg-6 css-30"
                >
                  <div
                    class="AwiLabelValue-root label-value-column MuiBox-root css-7"
                  >
                    <h6
                      class="MuiTypography-root MuiTypography-h7 AwiLabel-root AwiLabelValue-label label css-5"
                      id="variableBorrowAPY"
                    >
                      borrow-details:asset-section.variable-borrow-apy
                    </h6>
                    <p
                      aria-describedby="variableBorrowAPY"
                      class="MuiTypography-root MuiTypography-h5 AwiLabelValue-value value css-9"
                    >
                      5.63 %
                    </p>
                  </div>
                </div>
              </div>
            </div>
          </div>
        </div>
        <div
          class="AwiPanel-content content"
        >
          <div
            class="MuiBox-root css-34"
          >
            <svg
              aria-hidden="true"
              class="MuiSvgIcon-root MuiSvgIcon-fontSizeMedium awino css-6"
              focusable="false"
              viewBox="0 0 24 24"
            >
              <path
                d="m 8.9916177,14.481532 c 0.106657,-0.0028 0.639145,-0.03995 0.7190381,-0.06192 A 2.4766866,2.4766866 0 0 1 7.8008109,13.026677 1.3769579,1.3769579 0 0 1 7.6210513,12.251315 c 0.079893,-0.716242 0.923964,-0.842473 1.4604463,-0.519305 1.0110474,0.606788 1.7780204,2.564569 3.1937264,2.738336 a 3.8160947,3.8160947 0 0 0 3.039934,-1.275493 c -0.01677,-0.0028 -0.02237,-0.0056 -0.02796,-0.0028 -0.0056,0.0028 -0.02397,0.0075 -0.03236,0.0075 A 4.9993117,4.9993117 0 0 1 11.4715,12.783709 c -1.056186,-0.639095 -1.4916034,-1.648544 -1.454853,-2.095147 0.05073,-0.599198 0.64314,-0.651528 1.008251,-0.550464 0.404659,0.109455 0.685484,0.494539 1.092538,0.769771 a 1.8946653,1.8946653 0 0 0 1.440873,0.289214 3.2356712,3.2356712 0 0 0 1.025029,-0.407456 c -0.03075,-0.0028 -0.05073,-0.0028 -0.0703,-0.0056 -0.174168,-0.01678 -0.348335,-0.02237 -0.519305,-0.04794 C 10.870307,10.27276 10.373372,6.1422855 6.9016171,5.8742442 A 6.1086276,6.1086276 0 0 0 3.0735386,6.8585273 c -0.02197,0.016778 -0.042343,0.033555 -0.061917,0.050333 0.00279,0.00559 0.00279,0.00839 0.00559,0.013981 a 0.54527051,0.54527051 0 0 0 0.06751,-0.00559 1.5695003,1.5695003 0 0 1 0.5260961,0.00879 c 0.668306,0.1198396 1.3398076,0.6487321 1.5698997,2.1487252 0.1490007,0.9635115 -0.019574,1.4268925 0.2248991,2.4183655 a 3.9147627,3.9147627 0 0 0 3.5868013,2.988402 z M 5.1267885,6.63363 A 0.17017234,0.17017234 0 0 1 5.0888393,6.5777048 6.6447104,6.6447104 0 0 1 6.1166641,6.4426854 0.55126251,0.55126251 0 0 1 5.1267885,6.63363 Z M 10.65699,16.478459 C 9.4549978,16.512015 8.0728469,15.728662 7.1880307,14.753967 A 7.7616163,7.7616163 0 0 1 6.6655299,14.096846 l 0.011185,-0.01119 a 5.3556351,5.3556351 0 0 0 1.5391411,0.758986 2.9824101,2.9824101 0 0 0 2.010909,-0.09268 1.190008,1.190008 0 0 1 1.210381,0.0799 c -0.519305,0.106662 -0.564445,0.123435 -0.673899,0.221704 -0.143408,0.123435 -0.129027,0.32876 0.196537,0.482954 0.735816,0.348333 1.769633,-0.0799 2.729949,0.713446 a 2.2346104,2.2346104 0 0 1 0.28362,0.300397 c -0.0028,0.0056 -0.0084,0.0084 -0.01119,0.01398 a 3.5656298,3.5656298 0 0 0 -1.129285,-0.26125 c -0.693872,-0.05632 -1.300261,0.149001 -2.176689,0.174167 z m 4.909831,-7.0781305 a 2.7031836,2.7031836 0 0 1 1.867901,-0.09268 1.5766906,1.5766906 0 0 1 0.901594,0.9719015 2.3728255,2.3728255 0 0 1 0.143409,0.806121 0.03555244,0.03555244 0 0 0 -0.01678,0.0028 0.1949392,0.1949392 0 0 1 -0.01398,-0.03635 C 18.308357,10.434142 17.610092,9.8217605 16.55031,10.213238 A 4.5938541,4.5938541 0 0 1 11.581752,8.8650447 c -0.01957,-0.025167 -0.06751,-0.047936 -0.03635,-0.08988 a 0.18774882,0.18774882 0 0 1 0.08428,0.036351 4.1396618,4.1396618 0 0 0 1.693734,0.7358158 4.2071715,4.2071715 0 0 0 2.243399,-0.147003 z m 2.884541,3.3003855 c -0.909983,0.0056 -0.94953,1.407317 -2.909707,1.80878 a 6.1693464,6.1693464 0 0 1 -1.261113,0.119839 v -0.01119 a 1.9218289,1.9218289 0 0 0 0.834884,-0.468173 c 0.221703,-0.204927 0.429825,-0.424233 0.639144,-0.64314 0.547667,-0.567241 1.162845,-1.185214 2.300522,-1.095334 a 1.6334148,1.6334148 0 0 1 1.013844,0.356722 c 0.0084,0.0056 0.01119,0.01398 0.01958,0.02517 -0.01398,0 -0.01958,0.0028 -0.02517,0 a 1.6729618,1.6729618 0 0 0 -0.612381,-0.09267 z M 18.105825,12.02362 c -0.0028,0.0056 -0.0028,0.01119 -0.0056,0.01678 -0.811714,-0.123435 -1.348197,-0.221704 -1.923826,0.11225 a 3.9371328,3.9371328 0 0 1 -1.740072,0.68748 2.9452597,2.9452597 0 0 1 -1.856716,-0.2245 0.24686973,0.24686973 0 0 0 -0.02796,-0.01677 c 0,-0.0056 0.0028,-0.0084 0.0028,-0.01398 0.699464,0.106661 1.022232,0.143408 1.557915,-0.162982 0.626362,-0.362315 1.126494,-0.747001 2.002522,-0.870835 a 2.5481909,2.5481909 0 0 1 1.991335,0.474566 z M 10.555924,7.5436125 c -0.01678,-0.016777 -0.03076,-0.033555 -0.05912,-0.064714 a 3.7318074,3.7318074 0 0 1 1.499993,0.2360842 8.0640117,8.0640117 0 0 1 1.410114,0.9239638 1.5407387,1.5407387 0 0 0 1.022233,0.2276955 c 0.119839,-0.011185 0.239679,-0.033555 0.359519,-0.047936 a 0.06271609,0.06271609 0 0 1 0.04194,0.00839 0.5268951,0.5268951 0 0 1 -0.05073,0.033555 2.0212959,2.0212959 0 0 1 -0.719038,0.1997325 3.6810753,3.6810753 0 0 1 -2.061243,-0.432621 5.3959811,5.3959811 0 0 1 -1.443669,-1.0841496 z m 10.431645,6.6946445 a 1.4868109,1.4868109 0 0 1 -1.198396,0.149001 c -0.345539,-0.109454 -0.547668,-0.41864 -0.887613,-0.677095 a 1.3549873,1.3549873 0 0 0 -0.789344,-0.236084 0.18295523,0.18295523 0 0 1 0.03356,-0.03995 1.4987949,1.4987949 0 0 1 1.328622,-0.182556 2.4207615,2.4207615 0 0 1 0.854058,0.679091 1.0266265,1.0266265 0 0 0 0.648732,0.294805 c 0.0028,-0.0028 0.0056,0 0.01119,0.01119 z m -5.968415,3.849649 c 0.06192,0.03356 0.04474,0.04194 0.04194,0.05632 a 1.8287535,1.8287535 0 0 1 -1.314641,-0.623565 2.3844101,2.3844101 0 0 0 -1.364974,-0.834083 0.10505944,0.10505944 0 0 1 0.03075,-0.01119 4.6110312,4.6110312 0 0 1 1.092539,0.109453 1.9174348,1.9174348 0 0 1 1.168436,0.991473 0.9691035,0.9691035 0 0 0 0.345938,0.311583 z"
                style="stroke-width: 0.399466;"
              />
            </svg>
            <p
              class="MuiTypography-root MuiTypography-h3 prompt css-36"
            >
              account.connect-prompt
            </p>
            <div
              class="actions"
            >
              <a
                class="MuiTypography-root MuiTypography-inherit MuiLink-root MuiLink-underlineNone MuiButton-root MuiButton-outlined MuiButton-outlinedPrimary MuiButton-sizeMedium MuiButton-outlinedSizeMedium MuiButton-disableElevation MuiButtonBase-root  css-37"
                href="/earn/deposit"
                tabindex="0"
              >
                common.back
                <span
                  class="MuiTouchRipple-root css-38"
                />
              </a>
              <button
                class="MuiButtonBase-root css-39"
                tabindex="0"
                type="button"
                variant="text"
              >
                <span
                  class="LabConnectButton-content"
                >
                  account.connect
                </span>
                <span
                  class="MuiTouchRipple-root css-38"
                />
              </button>
            </div>
          </div>
        </div>
      </div>
    </div>
  </section>
</DocumentFragment>
`;
