// Jest Snapshot v1, https://goo.gl/fbAQLP

exports[`<NumberInput /> has valid snapshot 1`] = `
<DocumentFragment>
  <div
    class="MuiInputBase-root MuiInputBase-colorPrimary css-0"
  >
    <input
      class="MuiInputBase-input css-1"
      inputmode="numeric"
      type="text"
      value=""
    />
  </div>
</DocumentFragment>
`;
