// Jest Snapshot v1, https://goo.gl/fbAQLP

exports[`<ScrollUp /> has valid snapshot 1`] = `
<DocumentFragment>
  <div
    class="css-0"
  >
    <div
      style="position: relative; cursor: pointer; transition-duration: 0.2s; transition-timing-function: linear; transition-delay: 0s; opacity: 0; visibility: hidden; transition-property: opacity, visibility;"
    >
      <button
        class="MuiButtonBase-root MuiIconButton-root MuiIconButton-sizeMedium button css-1"
        tabindex="0"
        title="footer.scroll-to-top"
        type="button"
      >
        <svg
          aria-hidden="true"
          class="MuiSvgIcon-root MuiSvgIcon-fontSizeMedium css-2"
          data-testid="ExpandLessRoundedIcon"
          focusable="false"
          viewBox="0 0 24 24"
        >
          <path
            d="M11.29 8.71 6.7 13.3c-.39.39-.39 1.02 0 1.41.39.39 1.02.39 1.41 0L12 10.83l3.88 3.88c.39.39 1.02.39 1.41 0 .39-.39.39-1.02 0-1.41L12.7 8.71c-.38-.39-1.02-.39-1.41 0z"
          />
        </svg>
        <span
          class="MuiTouchRipple-root css-3"
        />
      </button>
    </div>
  </div>
</DocumentFragment>
`;
